Archive member included to satisfy reference by file (symbol)

E:\Yukin\CH582\tp78_v2\mounriver_project\KEYBOARD_CH582M\StdPeriphDriver\libISP583.a(ISP583.o)
                              ./StdPeriphDriver/CH58x_flash.o (FLASH_EEPROM_CMD)
E:\Yukin\CH582\tp78_v2\mounriver_project\KEYBOARD_CH582M\LIB\libTP78_TPM.a(TPM_LIB.o)
                              ./HAL/USB.o (TPM_notify_led_data)
E:\Yukin\CH582\tp78_v2\mounriver_project\KEYBOARD_CH582M\LIB\libTP78_TPM.a(HW_I2C.o)
                              E:\Yukin\CH582\tp78_v2\mounriver_project\KEYBOARD_CH582M\LIB\libTP78_TPM.a(TPM_LIB.o) (HW_I2C_TPM_WR_Reg)
E:\Yukin\CH582\tp78_v2\mounriver_project\KEYBOARD_CH582M\LIB\libTP78_TPM.a(OLED_UI.o)
                              E:\Yukin\CH582\tp78_v2\mounriver_project\KEYBOARD_CH582M\LIB\libTP78_TPM.a(TPM_LIB.o) (OLED_UI_printf)
E:\Yukin\CH582\tp78_v2\mounriver_project\KEYBOARD_CH582M\LIB\libTP78_TPM.a(OLED.o)
                              E:\Yukin\CH582\tp78_v2\mounriver_project\KEYBOARD_CH582M\LIB\libTP78_TPM.a(OLED_UI.o) (OLED_Set_Pos)
E:\Yukin\CH582\tp78_v2\mounriver_project\KEYBOARD_CH582M\LIB\libTP78_TPM.a(OLEDFONT.o)
                              E:\Yukin\CH582\tp78_v2\mounriver_project\KEYBOARD_CH582M\LIB\libTP78_TPM.a(OLED_UI.o) (UI_Oled_Idle)
E:\Yukin\CH582\tp78_v2\mounriver_project\KEYBOARD_CH582M\LIB\libTP78_TPM.a(OLED_UI_CFG.o)
                              E:\Yukin\CH582\tp78_v2\mounriver_project\KEYBOARD_CH582M\LIB\libTP78_TPM.a(OLED_UI.o) (main_menu)
E:\Yukin\CH582\tp78_v2\mounriver_project\KEYBOARD_CH582M\LIB\libTP78_MPR121.a(TP78_MPR121_LIB.o)
                              ./HAL/KEYBOARD.o (MPR121_get_result)
E:\Yukin\CH582\tp78_v2\mounriver_project\KEYBOARD_CH582M\LIB\libCH58xBLE.a(message.o)
                              ./Profile/hiddev.o (tmos_msg_deallocate)
E:\Yukin\CH582\tp78_v2\mounriver_project\KEYBOARD_CH582M\LIB\libCH58xBLE.a(tmos.o)
                              E:\Yukin\CH582\tp78_v2\mounriver_project\KEYBOARD_CH582M\LIB\libCH58xBLE.a(message.o) (gTmosPara)
E:\Yukin\CH582\tp78_v2\mounriver_project\KEYBOARD_CH582M\LIB\libCH58xBLE.a(tmos_hw.o)
                              E:\Yukin\CH582\tp78_v2\mounriver_project\KEYBOARD_CH582M\LIB\libCH58xBLE.a(tmos.o) (fnGetClockCBs)
E:\Yukin\CH582\tp78_v2\mounriver_project\KEYBOARD_CH582M\LIB\libCH58xBLE.a(tmos_snv.o)
                              E:\Yukin\CH582\tp78_v2\mounriver_project\KEYBOARD_CH582M\LIB\libCH58xBLE.a(tmos.o) (tmos_snv_init)
E:\Yukin\CH582\tp78_v2\mounriver_project\KEYBOARD_CH582M\LIB\libCH58xBLE.a(gap.o)
                              ./Profile/hiddev.o (GAP_SetParamValue)
E:\Yukin\CH582\tp78_v2\mounriver_project\KEYBOARD_CH582M\LIB\libCH58xBLE.a(gap_central.o)
                              E:\Yukin\CH582\tp78_v2\mounriver_project\KEYBOARD_CH582M\LIB\libCH58xBLE.a(gap.o) (gapProcessPeriodicAdvertisingSyncEstablishedEvt)
E:\Yukin\CH582\tp78_v2\mounriver_project\KEYBOARD_CH582M\LIB\libCH58xBLE.a(gap_peripheral.o)
                              E:\Yukin\CH582\tp78_v2\mounriver_project\KEYBOARD_CH582M\LIB\libCH58xBLE.a(gap.o) (GAP_PeripheralParamInit)
E:\Yukin\CH582\tp78_v2\mounriver_project\KEYBOARD_CH582M\LIB\libCH58xBLE.a(gapgattserver.o)
                              ./HAL/BLE.o (GGS_SetParameter)
E:\Yukin\CH582\tp78_v2\mounriver_project\KEYBOARD_CH582M\LIB\libCH58xBLE.a(gatt.o)
                              ./Profile/battservice.o (GATT_bm_alloc)
E:\Yukin\CH582\tp78_v2\mounriver_project\KEYBOARD_CH582M\LIB\libCH58xBLE.a(gatt_uuid.o)
                              ./Profile/battservice.o (reportRefUUID)
E:\Yukin\CH582\tp78_v2\mounriver_project\KEYBOARD_CH582M\LIB\libCH58xBLE.a(gattclientapp.o)
                              E:\Yukin\CH582\tp78_v2\mounriver_project\KEYBOARD_CH582M\LIB\libCH58xBLE.a(gatt.o) (gattGetClientStatus)
E:\Yukin\CH582\tp78_v2\mounriver_project\KEYBOARD_CH582M\LIB\libCH58xBLE.a(gattservapp.o)
                              ./Profile/battservice.o (GATTServApp_ReadCharCfg)
E:\Yukin\CH582\tp78_v2\mounriver_project\KEYBOARD_CH582M\LIB\libCH58xBLE.a(l2cap.o)
                              E:\Yukin\CH582\tp78_v2\mounriver_project\KEYBOARD_CH582M\LIB\libCH58xBLE.a(gatt.o) (L2CAP_GetMTU)
E:\Yukin\CH582\tp78_v2\mounriver_project\KEYBOARD_CH582M\LIB\libCH58xBLE.a(l2cap_input.o)
                              E:\Yukin\CH582\tp78_v2\mounriver_project\KEYBOARD_CH582M\LIB\libCH58xBLE.a(l2cap.o) (l2capProcessRxData)
E:\Yukin\CH582\tp78_v2\mounriver_project\KEYBOARD_CH582M\LIB\libCH58xBLE.a(l2cap_output.o)
                              E:\Yukin\CH582\tp78_v2\mounriver_project\KEYBOARD_CH582M\LIB\libCH58xBLE.a(l2cap_input.o) (l2capNotifyData)
E:\Yukin\CH582\tp78_v2\mounriver_project\KEYBOARD_CH582M\LIB\libCH58xBLE.a(l2cap_sdu.o)
                              E:\Yukin\CH582\tp78_v2\mounriver_project\KEYBOARD_CH582M\LIB\libCH58xBLE.a(l2cap_input.o) (l2capBuildDisconnectRsp)
E:\Yukin\CH582\tp78_v2\mounriver_project\KEYBOARD_CH582M\LIB\libCH58xBLE.a(linkdb.o)
[...]
Memory Configuration

Name             Origin             Length             Attributes
FLASH            0x0000000000000000 0x0000000000070000 xr
RAM              0x0000000020000000 0x0000000000007ffc xrw
*default*        0x0000000000000000 0xffffffffffffffff

Linker script and memory map

LOAD ./StdPeriphDriver/CH58x_adc.o
LOAD ./StdPeriphDriver/CH58x_clk.o
LOAD ./StdPeriphDriver/CH58x_flash.o
LOAD ./StdPeriphDriver/CH58x_gpio.o
LOAD ./StdPeriphDriver/CH58x_i2c.o
LOAD ./StdPeriphDriver/CH58x_pwm.o
LOAD ./StdPeriphDriver/CH58x_pwr.o
LOAD ./StdPeriphDriver/CH58x_sys.o
LOAD ./StdPeriphDriver/CH58x_timer0.o
LOAD ./StdPeriphDriver/CH58x_timer1.o
LOAD ./StdPeriphDriver/CH58x_timer2.o
LOAD ./StdPeriphDriver/CH58x_uart0.o
LOAD ./StdPeriphDriver/CH58x_uart1.o
LOAD ./StdPeriphDriver/CH58x_uart2.o
LOAD ./StdPeriphDriver/CH58x_uart3.o
LOAD ./StdPeriphDriver/CH58x_usbdev.o
LOAD ./Startup/startup_CH583.o
LOAD ./RVMSIS/core_riscv.o
LOAD ./Profile/battservice.o
LOAD ./Profile/devinfoservice.o
LOAD ./Profile/hiddev.o
LOAD ./Profile/hidkbmservice.o
LOAD ./Profile/scanparamservice.o
LOAD ./Packages/FatFs/port/fatfs_usbd.o
LOAD ./Packages/FatFs/diskio.o
LOAD ./Packages/FatFs/ff.o
LOAD ./Packages/FatFs/fftools.o
LOAD ./Packages/FatFs/ffunicode.o
LOAD ./Packages/CherryUSB/core/usbd_core.o
LOAD ./Packages/CherryUSB/class/msc/usbd_msc.o
LOAD ./Packages/CherryUSB/class/hid/usbd_hid.o
LOAD ./Packages/CherryUSB/usb_ch58x_dc_usbfs.o
LOAD ./HAL/BATTERY.o
LOAD ./HAL/BLE.o
LOAD ./HAL/CORE.o
LOAD ./HAL/FATFS.o
LOAD ./HAL/KEYBOARD.o
LOAD ./HAL/MCU.o
LOAD ./HAL/RF_PHY.o
LOAD ./HAL/RTC.o
LOAD ./HAL/SLEEP.o
LOAD ./HAL/USB.o
LOAD ./APP/main.o
LOAD ./APP/tp78_via.o
LOAD E:\Yukin\CH582\tp78_v2\mounriver_project\KEYBOARD_CH582M\StdPeriphDriver\libISP583.a
LOAD E:\Yukin\CH582\tp78_v2\mounriver_project\KEYBOARD_CH582M\LIB\libTP78_TPM.a
LOAD E:\Yukin\CH582\tp78_v2\mounriver_project\KEYBOARD_CH582M\LIB\libTP78_MPR121.a
LOAD E:\Yukin\CH582\tp78_v2\mounriver_project\KEYBOARD_CH582M\LIB\libCH58xBLE.a
LOAD c:/mounriver/mounriver_studio/toolchain/risc-v embedded gcc12/bin/../lib/gcc/riscv-none-elf/12.2.0\libgcc.a
LOAD c:/mounriver/mounriver_studio/toolchain/risc-v embedded gcc12/bin/../lib/gcc/riscv-none-elf/12.2.0/../../../../riscv-none-elf/lib\libg_nano.a
LOAD c:/mounriver/mounriver_studio/toolchain/risc-v embedded gcc12/bin/../lib/gcc/riscv-none-elf/12.2.0/../../../../riscv-none-elf/lib\libc_nano.a
LOAD c:/mounriver/mounriver_studio/toolchain/risc-v embedded gcc12/bin/../lib/gcc/riscv-none-elf/12.2.0\libgcc.a
START GROUP
LOAD c:/mounriver/mounriver_studio/toolchain/risc-v embedded gcc12/bin/../lib/gcc/riscv-none-elf/12.2.0\libgcc.a
LOAD c:/mounriver/mounriver_studio/toolchain/risc-v embedded gcc12/bin/../lib/gcc/riscv-none-elf/12.2.0/../../../../riscv-none-elf/lib\libc_nano.a
LOAD c:/mounriver/mounriver_studio/toolchain/risc-v embedded gcc12/bin/../lib/gcc/riscv-none-elf/12.2.0/../../../../riscv-none-elf/lib\libnosys.a
END GROUP
START GROUP
LOAD c:/mounriver/mounriver_studio/toolchain/risc-v embedded gcc12/bin/../lib/gcc/riscv-none-elf/12.2.0\libgcc.a
LOAD c:/mounriver/mounriver_studio/toolchain/risc-v embedded gcc12/bin/../lib/gcc/riscv-none-elf/12.2.0/../../../../riscv-none-elf/lib\libc_nano.a
LOAD c:/mounriver/mounriver_studio/toolchain/risc-v embedded gcc12/bin/../lib/gcc/riscv-none-elf/12.2.0/../../../../riscv-none-elf/lib\libnosys.a
END GROUP
                0x0000000000000200                __stack_size = 0x200
                [!provide]                        PROVIDE (_stack_size = __stack_size)

.init           0x0000000000000000        0x4
                0x0000000000000000                _sinit = .
                0x0000000000000000                . = ALIGN (0x4)
 *(SORT_NONE(.init))
 .init          0x0000000000000000        0x4 ./Startup/startup_CH583.o
                0x0000000000000000                _start
                0x0000000000000004                . = ALIGN (0x4)
                0x0000000000000004                _einit = .

.highcodelalign
                0x0000000000000004        0x0
                0x0000000000000004                . = ALIGN (0x4)
                0x0000000000000004                PROVIDE (_highcode_lma = .)

.highcode       0x0000000020000000     0x27c8 load address 0x0000000000000004
                0x0000000020000000                . = ALIGN (0x4)
                0x0000000020000000                PROVIDE (_highcode_vma_start = .)
 *(.vector)
 .vector        0x0000000020000000       0x90 ./Startup/startup_CH583.o
 *(SORT_NONE(.vector_handler))
 .vector_handler
                0x0000000020000090        0x2 ./Startup/startup_CH583.o
                0x0000000020000090                SysTick_Handler
                0x0000000020000090                NMI_Handler
                0x0000000020000090                UART1_IRQHandler
                0x0000000020000090                UART0_IRQHandler
                0x0000000020000090                BB_IRQHandler
                0x0000000020000090                Break_Point_Handler
                0x0000000020000090                TMR0_IRQHandler
                0x0000000020000090                Ecall_M_Mode_Handler
                0x0000000020000090                UART2_IRQHandler
                0x0000000020000090                PWMX_IRQHandler
                0x0000000020000090                ADC_IRQHandler
                0x0000000020000090                TMR2_IRQHandler
                0x0000000020000090                I2C_IRQHandler
                0x0000000020000090                USB2_IRQHandler
                0x0000000020000090                LLE_IRQHandler
                0x0000000020000090                WDOG_BAT_IRQHandler
                0x0000000020000090                Ecall_U_Mode_Handler
                0x0000000020000090                TMR3_IRQHandler
                0x0000000020000090                SW_Handler
                0x0000000020000090                SPI0_IRQHandler
                0x0000000020000090                UART3_IRQHandler
                0x0000000020000090                TMR1_IRQHandler
 *(.highcode)
 .highcode      0x0000000020000092      0x1f6 ./StdPeriphDriver/CH58x_pwr.o
                0x0000000020000092                LowPower_Idle
                0x00000000200000ce                LowPower_Halt
 .highcode      0x0000000020000288      0x4d2 ./StdPeriphDriver/CH58x_sys.o
                0x0000000020000288                SetSysClock
                0x00000000200005fa                SYS_ResetExecute
                0x000000002000066a                HardFault_Handler
                0x0000000020000724                mDelayuS
                0x0000000020000732                mDelaymS
 .highcode      0x000000002000075a      0x36a ./Packages/CherryUSB/usb_ch58x_dc_usbfs.o
                0x000000002000075a                USB_IRQHandler
 .highcode      0x0000000020000ac4       0x16 ./HAL/RTC.o
                0x0000000020000ac4                RTC_IRQHandler
 .highcode      0x0000000020000ada       0x2a ./APP/main.o
                0x0000000020000ada                Main_Circulation
                0x0000000020000ae2                GPIOA_IRQHandler
                0x0000000020000b00                GPIOB_IRQHandler
 .highcode      0x0000000020000b04      0x426 E:\Yukin\CH582\tp78_v2\mounriver_project\KEYBOARD_CH582M\StdPeriphDriver\libISP583.a(ISP583.o)
                0x0000000020000b04                FLASH_ROM_BEG
                0x0000000020000b16                FLASH_ROM_END
                0x0000000020000b24                FLASH_ROM_IN
                0x0000000020000b32                FLASH_ROM_OUT
                0x0000000020000b40                FLASH_ROM_ADDR
                0x0000000020000b88                FLASH_ROM_WAIT
                0x0000000020000bc0                FLASH_EEPROM_CMD
 .highcode      0x0000000020000f2a      0x44c E:\Yukin\CH582\tp78_v2\mounriver_project\KEYBOARD_CH582M\LIB\libCH58xBLE.a(tmos.o)
                0x0000000020000f2a                tmos_memcpy
                0x0000000020000f4a                tmos_memcpy_word
                0x0000000020000f62                tmos_memset
                0x0000000020000f74                tmos_strlen
                0x0000000020000f88                tmos_memdup
                0x0000000020000fba                tmos_memcmp
                0x0000000020000fe8                tmos_revmemcpy
                0x0000000020001004                tmos_isbufset
                0x0000000020001026                tmos_proces_system_time
                0x0000000020001170                TMOS_SystemProcess
 .highcode      0x0000000020001376       0x4c E:\Yukin\CH582\tp78_v2\mounriver_project\KEYBOARD_CH582M\LIB\libCH58xBLE.a(tmos_hw.o)
                0x00000000200013c0                TMOS_TimerIRQHandler
 .highcode      0x00000000200013c2      0x2d2 E:\Yukin\CH582\tp78_v2\mounriver_project\KEYBOARD_CH582M\LIB\libCH58xBLE.a(ll_connect.o)
                0x00000000200013c2                ll_connect_send_data
                0x00000000200014ea                ll_connect_recv_data
                0x00000000200015ca                ll_connect_event_continue
 .highcode      0x0000000020001694      0x310 E:\Yukin\CH582\tp78_v2\mounriver_project\KEYBOARD_CH582M\LIB\libCH58xBLE.a(ll_hop.o)
                0x0000000020001694                LL_HopGetChannel
                0x000000002000173a                LL_HopGetChannel2
 .highcode      0x00000000200019a4       0x50 E:\Yukin\CH582\tp78_v2\mounriver_project\KEYBOARD_CH582M\LIB\libCH58xBLE.a(ll_whitelist.o)
                0x00000000200019a4                LL_WhitelistLookup
 .highcode      0x00000000200019f4      0x1e0 E:\Yukin\CH582\tp78_v2\mounriver_project\KEYBOARD_CH582M\LIB\libCH58xBLE.a(aes.o)
                0x00000000200019f4                AES_DevAESEnc
 .highcode      0x0000000020001bd4      0x15a E:\Yukin\CH582\tp78_v2\mounriver_project\KEYBOARD_CH582M\LIB\libCH58xBLE.a(bb.o)
                0x0000000020001bd4                BB_IRQLibHandler
                0x0000000020001ce4                BB_IRQLibFunction
 .highcode      0x0000000020001d2e      0x3dc E:\Yukin\CH582\tp78_v2\mounriver_project\KEYBOARD_CH582M\LIB\libCH58xBLE.a(ip.o)
                0x0000000020001d2e                ll_rx_wait_finish
                0x0000000020001d6c                ble_ll_chkcrc
                0x0000000020001e0e                ll_tx_wait_finish
                0x0000000020001f32                BLE_CheckHoppingMap
 .highcode      0x000000002000210a      0x23c E:\Yukin\CH582\tp78_v2\mounriver_project\KEYBOARD_CH582M\LIB\libCH58xBLE.a(lle.o)
                0x000000002000210a                LLE_IRQLibHandler
                0x00000000200022fc                LLE_IRQLibFunction
 .highcode      0x0000000020002346      0x1be E:\Yukin\CH582\tp78_v2\mounriver_project\KEYBOARD_CH582M\LIB\libCH58xBLE.a(rf_fh.o)
                0x0000000020002346                RF_HopGetChannel
                0x00000000200023b4                RF_FrequencyHoppingGet
                0x000000002000246a                RF_FrequencyHoppingChange
 .highcode      0x0000000020002504       0x30 E:\Yukin\CH582\tp78_v2\mounriver_project\KEYBOARD_CH582M\LIB\libCH58xBLE.a(rfend.o)
                0x0000000020002504                RFEND_WaitTune
 .highcode      0x0000000020002534      0x1ba E:\Yukin\CH582\tp78_v2\mounriver_project\KEYBOARD_CH582M\LIB\libCH58xBLE.a(memory.o)
                0x0000000020002534                tmos_memory_allocate
                0x0000000020002606                tmos_memory_free
 .highcode      0x00000000200026ee       0xd8 E:\Yukin\CH582\tp78_v2\mounriver_project\KEYBOARD_CH582M\LIB\libCH58xBLE.a(ll_resolvinglist.o)
                0x00000000200026ee                LL_ResolvinglistPeerIdentifyAddressGetIrk
                0x0000000020002742                LL_ResolvinglistPeerRpaAddressGetIrk
                0x0000000020002784                LL_ResolvinglistLocalRpaAddressGetIrk
 *(.highcode.*)
                0x00000000200027c8                . = ALIGN (0x4)
 *fill*         0x00000000200027c6        0x2 
                0x00000000200027c8                PROVIDE (_highcode_vma_end = .)

.text           0x00000000000027cc    0x2e668
                0x00000000000027cc                . = ALIGN (0x4)
 *(SORT_NONE(.handle_reset))
 .handle_reset  0x00000000000027cc       0xae ./Startup/startup_CH583.o
                0x00000000000027cc                handle_reset
 *(.text)
 .text          0x000000000000287a     0x1090 E:\Yukin\CH582\tp78_v2\mounriver_project\KEYBOARD_CH582M\LIB\libTP78_MPR121.a(TP78_MPR121_LIB.o)
                0x00000000000030fc                MPR121_lib_init
                0x0000000000003186                MPR121_get_result
                0x00000000000031b4                MPR121_set_result
                0x0000000000003236                MPR121_update_data
                0x0000000000003280                MPR121_alg_judge_touchbar
 .text          0x000000000000390a       0x16 c:/mounriver/mounriver_studio/toolchain/risc-v embedded gcc12/bin/../lib/gcc/riscv-none-elf/12.2.0/../../../../riscv-none-elf/lib\libg_nano.a(lib_a-memcpy-asm.o)
                0x000000000000390a                memcpy
 .text          0x0000000000003920       0x10 c:/mounriver/mounriver_studio/toolchain/risc-v embedded gcc12/bin/../lib/gcc/riscv-none-elf/12.2.0/../../../../riscv-none-elf/lib\libg_nano.a(lib_a-memset.o)
                0x0000000000003920                memset
 *(.text.*)
 .text.ADC_ExtSingleChSampInit
                0x0000000000003930       0x24 ./StdPeriphDriver/CH58x_adc.o
                0x0000000000003930                ADC_ExtSingleChSampInit
 .text.ADC_InterTSSampInit
                0x0000000000003954       0x28 ./StdPeriphDriver/CH58x_adc.o
                0x0000000000003954                ADC_InterTSSampInit
 .text.HSECFG_Current
                0x000000000000397c       0x66 ./StdPeriphDriver/CH58x_clk.o
                0x000000000000397c                HSECFG_Current
 .text.RTC_GetCycle32k
                0x00000000000039e2       0x18 ./StdPeriphDriver/CH58x_clk.o
                0x00000000000039e2                RTC_GetCycle32k
 .text.Calibration_LSI
                0x00000000000039fa      0x8f0 ./StdPeriphDriver/CH58x_clk.o
                0x00000000000039fa                Calibration_LSI
 .text.GPIOA_ModeCfg
                0x00000000000042ea       0x9e ./StdPeriphDriver/CH58x_gpio.o
                0x00000000000042ea                GPIOA_ModeCfg
 .text.GPIOB_ModeCfg
                0x0000000000004388       0x9e ./StdPeriphDriver/CH58x_gpio.o
                0x0000000000004388                GPIOB_ModeCfg
 .text.GPIOB_ITModeCfg
                0x0000000000004426       0x7e ./StdPeriphDriver/CH58x_gpio.o
                0x0000000000004426                GPIOB_ITModeCfg
 .text.I2C_GenerateSTART
                0x00000000000044a4       0x22 ./StdPeriphDriver/CH58x_i2c.o
                0x00000000000044a4                I2C_GenerateSTART
 .text.I2C_GenerateSTOP
                0x00000000000044c6       0x22 ./StdPeriphDriver/CH58x_i2c.o
                0x00000000000044c6                I2C_GenerateSTOP
 .text.I2C_SendData
                0x00000000000044e8        0xa ./StdPeriphDriver/CH58x_i2c.o
                0x00000000000044e8                I2C_SendData
 .text.I2C_Send7bitAddress
                0x00000000000044f2       0x14 ./StdPeriphDriver/CH58x_i2c.o
                0x00000000000044f2                I2C_Send7bitAddress
 .text.I2C_CheckEvent
                0x0000000000004506       0x20 ./StdPeriphDriver/CH58x_i2c.o
                0x0000000000004506                I2C_CheckEvent
 .text.I2C_GetFlagStatus
                0x0000000000004526       0x3c ./StdPeriphDriver/CH58x_i2c.o
                0x0000000000004526                I2C_GetFlagStatus
 .text.PWR_DCDCCfg
                0x0000000000004562      0x136 ./StdPeriphDriver/CH58x_pwr.o
                0x0000000000004562                PWR_DCDCCfg
 .text.GetSysClock
                0x0000000000004698       0x40 ./StdPeriphDriver/CH58x_sys.o
                0x0000000000004698                GetSysClock
 .text.SYS_DisableAllIrq
                0x00000000000046d8       0x1c ./StdPeriphDriver/CH58x_sys.o
                0x00000000000046d8                SYS_DisableAllIrq
 .text.SYS_RecoverIrq
                0x00000000000046f4       0x14 ./StdPeriphDriver/CH58x_sys.o
                0x00000000000046f4                SYS_RecoverIrq
 .text.SYS_GetSysTickCnt
                0x0000000000004708        0xa ./StdPeriphDriver/CH58x_sys.o
                0x0000000000004708                SYS_GetSysTickCnt
 .text._sbrk    0x0000000000004712       0x2e ./StdPeriphDriver/CH58x_sys.o
                0x0000000000004712                _sbrk
 .text.battMeasure
                0x0000000000004740       0x7a ./Profile/battservice.o
 .text.battReadAttrCB
                0x00000000000047ba       0x76 ./Profile/battservice.o
 .text.battWriteAttrCB
                0x0000000000004830       0x58 ./Profile/battservice.o
 .text.battNotifyCB
                0x0000000000004888       0x6e ./Profile/battservice.o
 .text.Batt_AddService
                0x00000000000048f6       0x2c ./Profile/battservice.o
                0x00000000000048f6                Batt_AddService
 .text.Batt_Register
                0x0000000000004922        0x6 ./Profile/battservice.o
                0x0000000000004922                Batt_Register
 .text.Batt_SetParameter
                0x0000000000004928       0x36 ./Profile/battservice.o
                0x0000000000004928                Batt_SetParameter
 .text.Batt_GetParameter
                0x000000000000495e       0x62 ./Profile/battservice.o
                0x000000000000495e                Batt_GetParameter
 .text.Batt_MeasLevel
                0x00000000000049c0       0x2a ./Profile/battservice.o
                0x00000000000049c0                Batt_MeasLevel
 .text.Batt_HandleConnStatusCB
                0x00000000000049ea       0x3e ./Profile/battservice.o
                0x00000000000049ea                Batt_HandleConnStatusCB
 .text.devInfo_ReadAttrCB
                0x0000000000004a28      0x18e ./Profile/devinfoservice.o
 .text.DevInfo_AddService
                0x0000000000004bb6       0x18 ./Profile/devinfoservice.o
                0x0000000000004bb6                DevInfo_AddService
 .text.hidDevParamUpdateCB
                0x0000000000004bce        0x2 ./Profile/hiddev.o
 .text.hidDevScanParamCB
                0x0000000000004bd0        0x2 ./Profile/hiddev.o
 .text.hidDevRptByHandle
                0x0000000000004bd2       0x2e ./Profile/hiddev.o
 .text.hidDevInitialAdvertising
                0x0000000000004c00       0x3c ./Profile/hiddev.o
 .text.hidDevBattCB
                0x0000000000004c3c       0x28 ./Profile/hiddev.o
 .text.hidDevPairStateCB
                0x0000000000004c64       0x48 ./Profile/hiddev.o
 .text.hidDevPasscodeCB
                0x0000000000004cac       0x36 ./Profile/hiddev.o
 .text.HidDev_ProcessEvent
                0x0000000000004ce2       0x6e ./Profile/hiddev.o
                0x0000000000004ce2                HidDev_ProcessEvent
 .text.hidDevGapStateCB
                0x0000000000004d50      0x126 ./Profile/hiddev.o
 .text.HidDev_Init
                0x0000000000004e76       0x64 ./Profile/hiddev.o
                0x0000000000004e76                HidDev_Init
 .text.HidDev_Register
                0x0000000000004eda        0xa ./Profile/hiddev.o
                0x0000000000004eda                HidDev_Register
 .text.HidDev_RegisterReports
                0x0000000000004ee4        0xa ./Profile/hiddev.o
                0x0000000000004ee4                HidDev_RegisterReports
 .text.HidDev_Report
                0x0000000000004eee      0x112 ./Profile/hiddev.o
                0x0000000000004eee                HidDev_Report
 .text.HidDev_ReadAttrCB
                0x0000000000005000      0x10c ./Profile/hiddev.o
                0x0000000000005000                HidDev_ReadAttrCB
 .text.HidDev_WriteAttrCB
                0x000000000000510c      0x138 ./Profile/hiddev.o
                0x000000000000510c                HidDev_WriteAttrCB
 .text.Hid_AddService
                0x0000000000005244      0x184 ./Profile/hidkbmservice.o
                0x0000000000005244                Hid_AddService
 .text.Hid_SetParameter
                0x00000000000053c8       0x58 ./Profile/hidkbmservice.o
                0x00000000000053c8                Hid_SetParameter
 .text.Hid_GetParameter
                0x0000000000005420       0x3e ./Profile/hidkbmservice.o
                0x0000000000005420                Hid_GetParameter
 .text.scanParamReadAttrCB
                0x000000000000545e        0x4 ./Profile/scanparamservice.o
 .text.scanParamWriteAttrCB
                0x0000000000005462       0x64 ./Profile/scanparamservice.o
 .text.ScanParam_AddService
                0x00000000000054c6       0x2c ./Profile/scanparamservice.o
                0x00000000000054c6                ScanParam_AddService
 .text.ScanParam_Register
                0x00000000000054f2        0x6 ./Profile/scanparamservice.o
                0x00000000000054f2                ScanParam_Register
 .text.ScanParam_RefreshNotify
                0x00000000000054f8       0x58 ./Profile/scanparamservice.o
                0x00000000000054f8                ScanParam_RefreshNotify
 .text.ScanParam_HandleConnStatusCB
                0x0000000000005550       0x3e ./Profile/scanparamservice.o
                0x0000000000005550                ScanParam_HandleConnStatusCB
 .text.USB_disk_status
                0x000000000000558e        0x4 ./Packages/FatFs/port/fatfs_usbd.o
                0x000000000000558e                USB_disk_status
 .text.USB_disk_initialize
                0x0000000000005592        0x4 ./Packages/FatFs/port/fatfs_usbd.o
                0x0000000000005592                USB_disk_initialize
 .text.USB_disk_read
                0x0000000000005596       0x1c ./Packages/FatFs/port/fatfs_usbd.o
                0x0000000000005596                USB_disk_read
 .text.USB_disk_write
                0x00000000000055b2       0x42 ./Packages/FatFs/port/fatfs_usbd.o
                0x00000000000055b2                USB_disk_write
 .text.USB_disk_ioctl
                0x00000000000055f4       0x2e ./Packages/FatFs/port/fatfs_usbd.o
                0x00000000000055f4                USB_disk_ioctl
 .text.disk_status
                0x0000000000005622       0x16 ./Packages/FatFs/diskio.o
                0x0000000000005622                disk_status
 .text.disk_initialize
                0x0000000000005638       0x16 ./Packages/FatFs/diskio.o
                0x0000000000005638                disk_initialize
 .text.disk_read
                0x000000000000564e       0x12 ./Packages/FatFs/diskio.o
                0x000000000000564e                disk_read
 .text.disk_write
                0x0000000000005660       0x12 ./Packages/FatFs/diskio.o
                0x0000000000005660                disk_write
 .text.disk_ioctl
                0x0000000000005672        0xe ./Packages/FatFs/diskio.o
                0x0000000000005672                disk_ioctl
 .text.get_fattime
                0x0000000000005680        0x4 ./Packages/FatFs/diskio.o
                0x0000000000005680                get_fattime
 .text.ld_dword
                0x0000000000005684       0x1e ./Packages/FatFs/ff.o
 .text.st_dword
                0x00000000000056a2       0x1c ./Packages/FatFs/ff.o
 .text.mem_set  0x00000000000056be        0xe ./Packages/FatFs/ff.o
 .text.clst2sect
                0x00000000000056cc       0x1e ./Packages/FatFs/ff.o
 .text.sum_sfn  0x00000000000056ea       0x22 ./Packages/FatFs/ff.o
 .text.get_ldnumber
                0x000000000000570c       0x3e ./Packages/FatFs/ff.o
 .text.validate
                0x000000000000574a       0x42 ./Packages/FatFs/ff.o
 .text.sync_window
                0x000000000000578c       0x5c ./Packages/FatFs/ff.o
 .text.mem_cpy.part.0
                0x00000000000057e8       0x1a ./Packages/FatFs/ff.o
 .text.st_clust
                0x0000000000005802       0x28 ./Packages/FatFs/ff.o
 .text.move_window
                0x000000000000582a       0x3a ./Packages/FatFs/ff.o
 .text.check_fs
                0x0000000000005864      0x10c ./Packages/FatFs/ff.o
 .text.put_fat  0x0000000000005970      0x130 ./Packages/FatFs/ff.o
 .text.dir_clear
                0x0000000000005aa0       0x66 ./Packages/FatFs/ff.o
 .text.sync_fs  0x0000000000005b06       0xac ./Packages/FatFs/ff.o
 .text.mount_volume
                0x0000000000005bb2      0x2dc ./Packages/FatFs/ff.o
 .text.ld_clust.isra.0
                0x0000000000005e8e       0x28 ./Packages/FatFs/ff.o
 .text.get_fat.isra.0
                0x0000000000005eb6       0xdc ./Packages/FatFs/ff.o
 .text.remove_chain
                0x0000000000005f92       0x92 ./Packages/FatFs/ff.o
 .text.create_chain
                0x0000000000006024      0x10e ./Packages/FatFs/ff.o
 .text.dir_next
                0x0000000000006132       0xd0 ./Packages/FatFs/ff.o
 .text.dir_sdi  0x0000000000006202       0xc4 ./Packages/FatFs/ff.o
 .text.dir_find
                0x00000000000062c6      0x1da ./Packages/FatFs/ff.o
 .text.dir_register
                0x00000000000064a0      0x2f2 ./Packages/FatFs/ff.o
 .text.follow_path
                0x0000000000006792      0x3ba ./Packages/FatFs/ff.o
 .text.f_mount  0x0000000000006b4c       0x50 ./Packages/FatFs/ff.o
                0x0000000000006b4c                f_mount
 .text.f_open   0x0000000000006b9c      0x238 ./Packages/FatFs/ff.o
                0x0000000000006b9c                f_open
 .text.f_read   0x0000000000006dd4      0x196 ./Packages/FatFs/ff.o
                0x0000000000006dd4                f_read
 .text.f_write  0x0000000000006f6a      0x1de ./Packages/FatFs/ff.o
                0x0000000000006f6a                f_write
 .text.f_sync   0x0000000000007148       0xb6 ./Packages/FatFs/ff.o
                0x0000000000007148                f_sync
 .text.f_close  0x00000000000071fe       0x22 ./Packages/FatFs/ff.o
                0x00000000000071fe                f_close
 .text.f_lseek  0x0000000000007220      0x182 ./Packages/FatFs/ff.o
                0x0000000000007220                f_lseek
 .text.f_mkfs   0x00000000000073a2      0x794 ./Packages/FatFs/ff.o
                0x00000000000073a2                f_mkfs
 .text.ff_uni2oem
                0x0000000000007b36       0x6c ./Packages/FatFs/ffunicode.o
                0x0000000000007b36                ff_uni2oem
 .text.ff_oem2uni
                0x0000000000007ba2       0x58 ./Packages/FatFs/ffunicode.o
                0x0000000000007ba2                ff_oem2uni
 .text.ff_wtoupper
                0x0000000000007bfa       0xa4 ./Packages/FatFs/ffunicode.o
                0x0000000000007bfa                ff_wtoupper
 .text.usbd_class_event_notify_handler
                0x0000000000007c9e       0x2e ./Packages/CherryUSB/core/usbd_core.o
 .text.usbd_set_endpoint
                0x0000000000007ccc       0x6a ./Packages/CherryUSB/core/usbd_core.o
 .text.usbd_event_ep0_in_complete_handler
                0x0000000000007d36       0x46 ./Packages/CherryUSB/core/usbd_core.o
                0x0000000000007d36                usbd_event_ep0_in_complete_handler
 .text.usbd_print_setup.constprop.0
                0x0000000000007d7c       0x44 ./Packages/CherryUSB/core/usbd_core.o
 .text.usbd_setup_request_handler.constprop.0
                0x0000000000007dc0      0x5e2 ./Packages/CherryUSB/core/usbd_core.o
 .text.usbd_event_ep0_out_complete_handler
                0x00000000000083a2       0x4a ./Packages/CherryUSB/core/usbd_core.o
                0x00000000000083a2                usbd_event_ep0_out_complete_handler
 .text.usbd_event_reset_handler
                0x00000000000083ec       0x36 ./Packages/CherryUSB/core/usbd_core.o
                0x00000000000083ec                usbd_event_reset_handler
 .text.usbd_event_ep0_setup_complete_handler
                0x0000000000008422       0xfa ./Packages/CherryUSB/core/usbd_core.o
                0x0000000000008422                usbd_event_ep0_setup_complete_handler
 .text.usbd_event_ep_in_complete_handler
                0x000000000000851c       0x18 ./Packages/CherryUSB/core/usbd_core.o
                0x000000000000851c                usbd_event_ep_in_complete_handler
 .text.usbd_event_ep_out_complete_handler
                0x0000000000008534       0x18 ./Packages/CherryUSB/core/usbd_core.o
                0x0000000000008534                usbd_event_ep_out_complete_handler
 .text.usbd_desc_register
                0x000000000000854c       0x34 ./Packages/CherryUSB/core/usbd_core.o
                0x000000000000854c                usbd_desc_register
 .text.usbd_add_interface
                0x0000000000008580       0x24 ./Packages/CherryUSB/core/usbd_core.o
                0x0000000000008580                usbd_add_interface
 .text.usbd_add_endpoint
                0x00000000000085a4       0x34 ./Packages/CherryUSB/core/usbd_core.o
                0x00000000000085a4                usbd_add_endpoint
 .text.usb_device_is_configured
                0x00000000000085d8        0x6 ./Packages/CherryUSB/core/usbd_core.o
                0x00000000000085d8                usb_device_is_configured
 .text.usbd_initialize
                0x00000000000085de        0x4 ./Packages/CherryUSB/core/usbd_core.o
                0x00000000000085de                usbd_initialize
 .text.SCSI_SetSenseData
                0x00000000000085e2       0x18 ./Packages/CherryUSB/class/msc/usbd_msc.o
 .text.SCSI_processRead
                0x00000000000085fa       0x7a ./Packages/CherryUSB/class/msc/usbd_msc.o
 .text.usbd_msc_send_csw
                0x0000000000008674       0x24 ./Packages/CherryUSB/class/msc/usbd_msc.o
 .text.msc_storage_class_interface_request_handler
                0x0000000000008698       0x6a ./Packages/CherryUSB/class/msc/usbd_msc.o
 .text.mass_storage_bulk_in
                0x0000000000008702       0x56 ./Packages/CherryUSB/class/msc/usbd_msc.o
                0x0000000000008702                mass_storage_bulk_in
 .text.msc_storage_notify_handler
                0x0000000000008758       0x26 ./Packages/CherryUSB/class/msc/usbd_msc.o
                0x0000000000008758                msc_storage_notify_handler
 .text.mass_storage_bulk_out
                0x000000000000877e      0x54c ./Packages/CherryUSB/class/msc/usbd_msc.o
                0x000000000000877e                mass_storage_bulk_out
 .text.usbd_msc_init_intf
                0x0000000000008cca       0xae ./Packages/CherryUSB/class/msc/usbd_msc.o
                0x0000000000008cca                usbd_msc_init_intf
 .text.usbd_hid_init_intf
                0x0000000000008d78       0x1c ./Packages/CherryUSB/class/hid/usbd_hid.o
                0x0000000000008d78                usbd_hid_init_intf
 .text.usbh_hid_get_idle
                0x0000000000008d94        0x4 ./Packages/CherryUSB/class/hid/usbd_hid.o
                0x0000000000008d94                usbh_hid_get_idle
 .text.usbh_hid_get_protocol
                0x0000000000008d98        0x4 ./Packages/CherryUSB/class/hid/usbd_hid.o
                0x0000000000008d98                usbh_hid_get_protocol
 .text.hid_class_interface_request_handler
                0x0000000000008d9c       0xcc ./Packages/CherryUSB/class/hid/usbd_hid.o
 .text.usbd_set_address
                0x0000000000008e68       0x1a ./Packages/CherryUSB/usb_ch58x_dc_usbfs.o
                0x0000000000008e68                usbd_set_address
 .text.usbd_ep_open
                0x0000000000008e82       0x90 ./Packages/CherryUSB/usb_ch58x_dc_usbfs.o
                0x0000000000008e82                usbd_ep_open
 .text.usbd_ep_close
                0x0000000000008f12       0x26 ./Packages/CherryUSB/usb_ch58x_dc_usbfs.o
                0x0000000000008f12                usbd_ep_close
 .text.usbd_ep_start_write
                0x0000000000008f38      0x130 ./Packages/CherryUSB/usb_ch58x_dc_usbfs.o
                0x0000000000008f38                usbd_ep_start_write
 .text.usbd_ep_start_read
                0x0000000000009068       0x9a ./Packages/CherryUSB/usb_ch58x_dc_usbfs.o
                0x0000000000009068                usbd_ep_start_read
 .text.usbd_ep_set_stall
                0x0000000000009102       0x3e ./Packages/CherryUSB/usb_ch58x_dc_usbfs.o
                0x0000000000009102                usbd_ep_set_stall
 .text.usbd_ep_clear_stall
                0x0000000000009140       0x42 ./Packages/CherryUSB/usb_ch58x_dc_usbfs.o
                0x0000000000009140                usbd_ep_clear_stall
 .text.usb_dc_init
                0x0000000000009182       0xce ./Packages/CherryUSB/usb_ch58x_dc_usbfs.o
                0x0000000000009182                usb_dc_init
 .text.BATTERY_DMA_ENABLE
                0x0000000000009250       0x1e ./HAL/BATTERY.o
                0x0000000000009250                BATTERY_DMA_ENABLE
 .text.BATTERY_Init
                0x000000000000926e       0x70 ./HAL/BATTERY.o
                0x000000000000926e                BATTERY_Init
 .text.BATTERY_ADC_Calculation
                0x00000000000092de       0x40 ./HAL/BATTERY.o
                0x00000000000092de                BATTERY_ADC_Calculation
 .text.hidEmuEvtCB
                0x000000000000931e        0x2 ./HAL/BLE.o
 .text.hidEmuStateCB
                0x0000000000009320       0x68 ./HAL/BLE.o
 .text.HidEmu_ProcessEvent
                0x0000000000009388      0x1e0 ./HAL/BLE.o
                0x0000000000009388                HidEmu_ProcessEvent
 .text.hidEmuRptCB
                0x0000000000009568       0x82 ./HAL/BLE.o
 .text.DATAFLASH_Read_DeviceID
                0x00000000000095ea       0x2a ./HAL/BLE.o
                0x00000000000095ea                DATAFLASH_Read_DeviceID
 .text.DATAFLASH_Write_DeviceID
                0x0000000000009614       0x18 ./HAL/BLE.o
                0x0000000000009614                DATAFLASH_Write_DeviceID
 .text.HidEmu_Init
                0x000000000000962c       0xea ./HAL/BLE.o
                0x000000000000962c                HidEmu_Init
 .text.TP78Reinit.part.0
                0x0000000000009716       0xce ./HAL/CORE.o
 .text.APPJumpKBoot
                0x00000000000097e4       0x18 ./HAL/CORE.o
                0x00000000000097e4                APPJumpKBoot
 .text.SoftReset
                0x00000000000097fc        0x8 ./HAL/CORE.o
                0x00000000000097fc                SoftReset
 .text.TP78_TMOS_Start
                0x0000000000009804       0x2a ./HAL/CORE.o
                0x0000000000009804                TP78_TMOS_Start
 .text.TP78Reinit
                0x000000000000982e        0x8 ./HAL/CORE.o
                0x000000000000982e                TP78Reinit
 .text.GotoLowpower
                0x0000000000009836       0x5c ./HAL/CORE.o
                0x0000000000009836                GotoLowpower
 .text.HAL_Fs_Init
                0x0000000000009892       0x80 ./HAL/FATFS.o
                0x0000000000009892                HAL_Fs_Init
 .text.unsigned_dec_to_string
                0x0000000000009912       0x80 ./HAL/FATFS.o
                0x0000000000009912                unsigned_dec_to_string
 .text.string_dec_to_u8
                0x0000000000009992       0x46 ./HAL/FATFS.o
                0x0000000000009992                string_dec_to_u8
 .text.string_dec_to_u16
                0x00000000000099d8       0x46 ./HAL/FATFS.o
                0x00000000000099d8                string_dec_to_u16
 .text.HAL_Fs_Create_readme
                0x0000000000009a1e       0xa8 ./HAL/FATFS.o
                0x0000000000009a1e                HAL_Fs_Create_readme
 .text.HAL_Fs_Create_keyboard_cfg
                0x0000000000009ac6       0xa4 ./HAL/FATFS.o
                0x0000000000009ac6                HAL_Fs_Create_keyboard_cfg
 .text.HAL_Fs_Write_keyboard_cfg
                0x0000000000009b6a       0xee ./HAL/FATFS.o
                0x0000000000009b6a                HAL_Fs_Write_keyboard_cfg
 .text.HAL_Fs_Read_keyboard_cfg
                0x0000000000009c58       0xca ./HAL/FATFS.o
                0x0000000000009c58                HAL_Fs_Read_keyboard_cfg
 .text.HAL_Fs_Write_keyboard_spkey
                0x0000000000009d22       0xdc ./HAL/FATFS.o
                0x0000000000009d22                HAL_Fs_Write_keyboard_spkey
 .text.HAL_Fs_Read_keyboard_spkey
                0x0000000000009dfe       0xd6 ./HAL/FATFS.o
                0x0000000000009dfe                HAL_Fs_Read_keyboard_spkey
 .text.HAL_Fs_Write_keyboard_mat
                0x0000000000009ed4       0xd6 ./HAL/FATFS.o
                0x0000000000009ed4                HAL_Fs_Write_keyboard_mat
 .text.HAL_Fs_Read_keyboard_mat
                0x0000000000009faa       0xd0 ./HAL/FATFS.o
                0x0000000000009faa                HAL_Fs_Read_keyboard_mat
 .text.DATAFLASH_Read_KeyArray
                0x000000000000a07a       0x28 ./HAL/KEYBOARD.o
                0x000000000000a07a                DATAFLASH_Read_KeyArray
 .text.DATAFLASH_Write_KeyArray
                0x000000000000a0a2       0x28 ./HAL/KEYBOARD.o
                0x000000000000a0a2                DATAFLASH_Write_KeyArray
 .text.KEYBOARD_Reset
                0x000000000000a0ca       0x6e ./HAL/KEYBOARD.o
                0x000000000000a0ca                KEYBOARD_Reset
 .text.KEYBOARD_ChangeKey
                0x000000000000a138       0x28 ./HAL/KEYBOARD.o
                0x000000000000a138                KEYBOARD_ChangeKey
 .text.KEYBOARD_Custom_Function
                0x000000000000a160      0x50c ./HAL/KEYBOARD.o
                0x000000000000a160                KEYBOARD_Custom_Function
 .text.KEYBOARD_Init
                0x000000000000a66c       0x80 ./HAL/KEYBOARD.o
                0x000000000000a66c                KEYBOARD_Init
 .text.KEYBOARD_Detection
                0x000000000000a6ec      0x452 ./HAL/KEYBOARD.o
                0x000000000000a6ec                KEYBOARD_Detection
 .text.KEYBOARD_EnterNumber
                0x000000000000ab3e       0xca ./HAL/KEYBOARD.o
                0x000000000000ab3e                KEYBOARD_EnterNumber
 .text.Lib_Calibration_LSI
                0x000000000000ac08       0x1c ./HAL/MCU.o
                0x000000000000ac08                Lib_Calibration_LSI
 .text.Lib_Read_Flash
                0x000000000000ac24       0x1c ./HAL/MCU.o
                0x000000000000ac24                Lib_Read_Flash
 .text.Lib_Write_Flash
                0x000000000000ac40       0x3c ./HAL/MCU.o
                0x000000000000ac40                Lib_Write_Flash
 .text.HAL_GetInterTempValue
                0x000000000000ac7c       0x72 ./HAL/MCU.o
                0x000000000000ac7c                HAL_GetInterTempValue
 .text.OnBoard_SendMsg
                0x000000000000acee       0x4a ./HAL/MCU.o
                0x000000000000acee                OnBoard_SendMsg
 .text.HID_KEYBOARD_Process
                0x000000000000ad38      0x174 ./HAL/MCU.o
                0x000000000000ad38                HID_KEYBOARD_Process
 .text.HID_VOL_Process
                0x000000000000aeac       0x66 ./HAL/MCU.o
                0x000000000000aeac                HID_VOL_Process
 .text.HW_Battery_Process
                0x000000000000af12       0x34 ./HAL/MCU.o
                0x000000000000af12                HW_Battery_Process
 .text.HAL_ProcessEvent
                0x000000000000af46      0x11e ./HAL/MCU.o
                0x000000000000af46                HAL_ProcessEvent
 .text.CH58X_BLEInit
                0x000000000000b064      0x154 ./HAL/MCU.o
                0x000000000000b064                CH58X_BLEInit
 .text.FLASH_Init
                0x000000000000b1b8      0x11a ./HAL/MCU.o
                0x000000000000b1b8                FLASH_Init
 .text.HAL_Init
                0x000000000000b2d2       0x62 ./HAL/MCU.o
                0x000000000000b2d2                HAL_Init
 .text.RF_2G4StatusCallBack
                0x000000000000b334       0xe2 ./HAL/RF_PHY.o
                0x000000000000b334                RF_2G4StatusCallBack
 .text.RF_ProcessEvent
                0x000000000000b416      0x208 ./HAL/RF_PHY.o
                0x000000000000b416                RF_ProcessEvent
 .text.DATAFLASH_Read_RFfreqlevel
                0x000000000000b61e       0x2c ./HAL/RF_PHY.o
                0x000000000000b61e                DATAFLASH_Read_RFfreqlevel
 .text.DATAFLASH_Write_RFfreqlevel
                0x000000000000b64a       0x1a ./HAL/RF_PHY.o
                0x000000000000b64a                DATAFLASH_Write_RFfreqlevel
 .text.DATAFLASH_Read_CheckACKms
                0x000000000000b664       0x2c ./HAL/RF_PHY.o
                0x000000000000b664                DATAFLASH_Read_CheckACKms
 .text.RF_Init  0x000000000000b690       0x76 ./HAL/RF_PHY.o
                0x000000000000b690                RF_Init
 .text.RTC_SetTignTime
                0x000000000000b706       0x20 ./HAL/RTC.o
                0x000000000000b706                RTC_SetTignTime
 .text.HAL_TimeInit
                0x000000000000b726       0x3e ./HAL/RTC.o
                0x000000000000b726                HAL_TimeInit
 .text.CH58X_LowPower
                0x000000000000b764       0x96 ./HAL/SLEEP.o
                0x000000000000b764                CH58X_LowPower
 .text.HAL_SleepInit
                0x000000000000b7fa       0xec ./HAL/SLEEP.o
                0x000000000000b7fa                HAL_SleepInit
 .text.usbd_hid_kmvd_in_callback
                0x000000000000b8e6        0x6 ./HAL/USB.o
 .text.usbd_hid_raw_in_callback
                0x000000000000b8ec        0x2 ./HAL/USB.o
 .text.usbd_hid_raw_out_callback
                0x000000000000b8ee       0x30 ./HAL/USB.o
 .text.usbd_hid_lighting_in_callback
                0x000000000000b91e        0x2 ./HAL/USB.o
 .text.usb_device_init
                0x000000000000b920       0xb0 ./HAL/USB.o
                0x000000000000b920                usb_device_init
 .text.usb_suspend_wake_up_cb
                0x000000000000b9d0       0x16 ./HAL/USB.o
                0x000000000000b9d0                usb_suspend_wake_up_cb
 .text.usbd_configure_done_callback
                0x000000000000b9e6       0x40 ./HAL/USB.o
                0x000000000000b9e6                usbd_configure_done_callback
 .text.usbh_hid_set_idle
                0x000000000000ba26        0x2 ./HAL/USB.o
                0x000000000000ba26                usbh_hid_set_idle
 .text.usbh_hid_set_protocol
                0x000000000000ba28        0x2 ./HAL/USB.o
                0x000000000000ba28                usbh_hid_set_protocol
 .text.usbh_hid_set_report
                0x000000000000ba2a       0x40 ./HAL/USB.o
                0x000000000000ba2a                usbh_hid_set_report
 .text.usbh_hid_get_report
                0x000000000000ba6a        0x4 ./HAL/USB.o
                0x000000000000ba6a                usbh_hid_get_report
 .text.usbd_msc_get_cap
                0x000000000000ba6e       0x10 ./HAL/USB.o
                0x000000000000ba6e                usbd_msc_get_cap
 .text.usbd_msc_sector_read
                0x000000000000ba7e       0x16 ./HAL/USB.o
                0x000000000000ba7e                usbd_msc_sector_read
 .text.usbd_msc_sector_write
                0x000000000000ba94       0x16 ./HAL/USB.o
                0x000000000000ba94                usbd_msc_sector_write
 .text.USB_DevWakeup
                0x000000000000baaa       0x5c ./HAL/USB.o
                0x000000000000baaa                USB_DevWakeup
 .text.USB_ProcessEvent
                0x000000000000bb06      0x17c ./HAL/USB.o
                0x000000000000bb06                USB_ProcessEvent
 .text.HAL_USBInit
                0x000000000000bc82       0x52 ./HAL/USB.o
                0x000000000000bc82                HAL_USBInit
 .text.usb_dc_low_level_init
                0x000000000000bcd4       0x22 ./HAL/USB.o
                0x000000000000bcd4                usb_dc_low_level_init
 .text.startup.main
                0x000000000000bcf6       0x70 ./APP/main.o
                0x000000000000bcf6                main
 .text.via_data_processing
                0x000000000000bd66      0x952 ./APP/tp78_via.o
                0x000000000000bd66                via_data_processing
 .text.TPM_notify_led_data
                0x000000000000c6b8       0x3c E:\Yukin\CH582\tp78_v2\mounriver_project\KEYBOARD_CH582M\LIB\libTP78_TPM.a(TPM_LIB.o)
                0x000000000000c6b8                TPM_notify_led_data
 .text.HW_I2C_Reset
                0x000000000000c6f4       0x7c E:\Yukin\CH582\tp78_v2\mounriver_project\KEYBOARD_CH582M\LIB\libTP78_TPM.a(HW_I2C.o)
                0x000000000000c6f4                HW_I2C_Reset
 .text.HW_I2C_WaitUntilTimeout
                0x000000000000c770       0x5e E:\Yukin\CH582\tp78_v2\mounriver_project\KEYBOARD_CH582M\LIB\libTP78_TPM.a(HW_I2C.o)
                0x000000000000c770                HW_I2C_WaitUntilTimeout
 .text.HW_I2C_TPM_WR_Reg
                0x000000000000c7ce      0x10a E:\Yukin\CH582\tp78_v2\mounriver_project\KEYBOARD_CH582M\LIB\libTP78_TPM.a(HW_I2C.o)
                0x000000000000c7ce                HW_I2C_TPM_WR_Reg
 .text.tmos_msg_enqueue
                0x000000000000c8d8       0x1e E:\Yukin\CH582\tp78_v2\mounriver_project\KEYBOARD_CH582M\LIB\libCH58xBLE.a(message.o)
                0x000000000000c8d8                tmos_msg_enqueue
 .text.tmos_msg_deallocate
                0x000000000000c8f6       0x2c E:\Yukin\CH582\tp78_v2\mounriver_project\KEYBOARD_CH582M\LIB\libCH58xBLE.a(message.o)
                0x000000000000c8f6                tmos_msg_deallocate
 .text.tmos_msg_allocate
                0x000000000000c922       0x46 E:\Yukin\CH582\tp78_v2\mounriver_project\KEYBOARD_CH582M\LIB\libCH58xBLE.a(message.o)
                0x000000000000c922                tmos_msg_allocate
 .text.tmos_msg_receive
                0x000000000000c968       0x72 E:\Yukin\CH582\tp78_v2\mounriver_project\KEYBOARD_CH582M\LIB\libCH58xBLE.a(message.o)
                0x000000000000c968                tmos_msg_receive
 .text.tmos_msg_send
                0x000000000000c9da       0x66 E:\Yukin\CH582\tp78_v2\mounriver_project\KEYBOARD_CH582M\LIB\libCH58xBLE.a(message.o)
                0x000000000000c9da                tmos_msg_send
 .text.tmos_msg_init
                0x000000000000ca40        0xa E:\Yukin\CH582\tp78_v2\mounriver_project\KEYBOARD_CH582M\LIB\libCH58xBLE.a(message.o)
                0x000000000000ca40                tmos_msg_init
 .text.tmosFindTask
                0x000000000000ca4a       0x24 E:\Yukin\CH582\tp78_v2\mounriver_project\KEYBOARD_CH582M\LIB\libCH58xBLE.a(tmos.o)
 .text.TMOS_CB_PeriodicProcessEvent
                0x000000000000ca6e       0x86 E:\Yukin\CH582\tp78_v2\mounriver_project\KEYBOARD_CH582M\LIB\libCH58xBLE.a(tmos.o)
                0x000000000000ca6e                TMOS_CB_PeriodicProcessEvent
 .text.TMOS_CB_ProcessEvent
                0x000000000000caf4       0x84 E:\Yukin\CH582\tp78_v2\mounriver_project\KEYBOARD_CH582M\LIB\libCH58xBLE.a(tmos.o)
                0x000000000000caf4                TMOS_CB_ProcessEvent
 .text.tmos_rand
                0x000000000000cb78       0x52 E:\Yukin\CH582\tp78_v2\mounriver_project\KEYBOARD_CH582M\LIB\libCH58xBLE.a(tmos.o)
                0x000000000000cb78                tmos_rand
 .text.tmos_proces_sleep
                0x000000000000cbca      0x132 E:\Yukin\CH582\tp78_v2\mounriver_project\KEYBOARD_CH582M\LIB\libCH58xBLE.a(tmos.o)
                0x000000000000cbca                tmos_proces_sleep
 .text.tmos_start_periodic_callback_task
                0x000000000000ccfc       0xfc E:\Yukin\CH582\tp78_v2\mounriver_project\KEYBOARD_CH582M\LIB\libCH58xBLE.a(tmos.o)
                0x000000000000ccfc                tmos_start_periodic_callback_task
 .text.tmos_set_event
                0x000000000000cdf8       0x2e E:\Yukin\CH582\tp78_v2\mounriver_project\KEYBOARD_CH582M\LIB\libCH58xBLE.a(tmos.o)
                0x000000000000cdf8                tmos_set_event
 .text.tmos_clear_event
                0x000000000000ce26       0x32 E:\Yukin\CH582\tp78_v2\mounriver_project\KEYBOARD_CH582M\LIB\libCH58xBLE.a(tmos.o)
                0x000000000000ce26                tmos_clear_event
 .text.tmos_update_callback_timer
                0x000000000000ce58       0xc4 E:\Yukin\CH582\tp78_v2\mounriver_project\KEYBOARD_CH582M\LIB\libCH58xBLE.a(tmos.o)
                0x000000000000ce58                tmos_update_callback_timer
 .text.tmos_start_task
                0x000000000000cf1c      0x120 E:\Yukin\CH582\tp78_v2\mounriver_project\KEYBOARD_CH582M\LIB\libCH58xBLE.a(tmos.o)
                0x000000000000cf1c                tmos_start_task
 .text.tmos_start_callback_task
                0x000000000000d03c       0x9a E:\Yukin\CH582\tp78_v2\mounriver_project\KEYBOARD_CH582M\LIB\libCH58xBLE.a(tmos.o)
                0x000000000000d03c                tmos_start_callback_task
 .text.tmos_start_reload_task
                0x000000000000d0d6       0x58 E:\Yukin\CH582\tp78_v2\mounriver_project\KEYBOARD_CH582M\LIB\libCH58xBLE.a(tmos.o)
                0x000000000000d0d6                tmos_start_reload_task
 .text.tmos_stop_task
                0x000000000000d12e       0x52 E:\Yukin\CH582\tp78_v2\mounriver_project\KEYBOARD_CH582M\LIB\libCH58xBLE.a(tmos.o)
                0x000000000000d12e                tmos_stop_task
 .text.tmos_stop_callback_task
                0x000000000000d180       0x5c E:\Yukin\CH582\tp78_v2\mounriver_project\KEYBOARD_CH582M\LIB\libCH58xBLE.a(tmos.o)
                0x000000000000d180                tmos_stop_callback_task
 .text.tmos_get_task_timer
                0x000000000000d1dc       0x6c E:\Yukin\CH582\tp78_v2\mounriver_project\KEYBOARD_CH582M\LIB\libCH58xBLE.a(tmos.o)
                0x000000000000d1dc                tmos_get_task_timer
 .text.TMOS_TimerRegister
                0x000000000000d248       0x1e E:\Yukin\CH582\tp78_v2\mounriver_project\KEYBOARD_CH582M\LIB\libCH58xBLE.a(tmos.o)
                0x000000000000d248                TMOS_TimerRegister
 .text.TMOS_ProcessRegister
                0x000000000000d266       0x16 E:\Yukin\CH582\tp78_v2\mounriver_project\KEYBOARD_CH582M\LIB\libCH58xBLE.a(tmos.o)
                0x000000000000d266                TMOS_ProcessRegister
 .text.TMOS_Init
                0x000000000000d27c      0x12e E:\Yukin\CH582\tp78_v2\mounriver_project\KEYBOARD_CH582M\LIB\libCH58xBLE.a(tmos.o)
                0x000000000000d27c                TMOS_Init
 .text.TMOS_ProcessEventRegister
                0x000000000000d3aa       0x3c E:\Yukin\CH582\tp78_v2\mounriver_project\KEYBOARD_CH582M\LIB\libCH58xBLE.a(tmos.o)
                0x000000000000d3aa                TMOS_ProcessEventRegister
 .text.BLE_LibInit
                0x000000000000d3e6      0x174 E:\Yukin\CH582\tp78_v2\mounriver_project\KEYBOARD_CH582M\LIB\libCH58xBLE.a(tmos.o)
                0x000000000000d3e6                BLE_LibInit
 .text.clockGetTickValve
                0x000000000000d55a       0x70 E:\Yukin\CH582\tp78_v2\mounriver_project\KEYBOARD_CH582M\LIB\libCH58xBLE.a(tmos_hw.o)
 .text.ll_get_sca_divisor
                0x000000000000d5ca       0x40 E:\Yukin\CH582\tp78_v2\mounriver_project\KEYBOARD_CH582M\LIB\libCH58xBLE.a(tmos_hw.o)
                0x000000000000d5ca                ll_get_sca_divisor
 .text.ll_get_sca_own
                0x000000000000d60a       0x46 E:\Yukin\CH582\tp78_v2\mounriver_project\KEYBOARD_CH582M\LIB\libCH58xBLE.a(tmos_hw.o)
                0x000000000000d60a                ll_get_sca_own
 .text.ble_ll_common_rand8
                0x000000000000d650       0x24 E:\Yukin\CH582\tp78_v2\mounriver_project\KEYBOARD_CH582M\LIB\libCH58xBLE.a(tmos_hw.o)
                0x000000000000d650                ble_ll_common_rand8
 .text.ble_ll_common_rand16
                0x000000000000d674       0x24 E:\Yukin\CH582\tp78_v2\mounriver_project\KEYBOARD_CH582M\LIB\libCH58xBLE.a(tmos_hw.o)
                0x000000000000d674                ble_ll_common_rand16
 .text.ble_ll_common_rand32
                0x000000000000d698       0x20 E:\Yukin\CH582\tp78_v2\mounriver_project\KEYBOARD_CH582M\LIB\libCH58xBLE.a(tmos_hw.o)
                0x000000000000d698                ble_ll_common_rand32
 .text.TMOS_TempSample
                0x000000000000d6b8       0x62 E:\Yukin\CH582\tp78_v2\mounriver_project\KEYBOARD_CH582M\LIB\libCH58xBLE.a(tmos_hw.o)
                0x000000000000d6b8                TMOS_TempSample
 .text.TMOS_TimerInit
                0x000000000000d71a       0xca E:\Yukin\CH582\tp78_v2\mounriver_project\KEYBOARD_CH582M\LIB\libCH58xBLE.a(tmos_hw.o)
                0x000000000000d71a                TMOS_TimerInit
 .text.tmos_snv_init
                0x000000000000d7e4       0xc0 E:\Yukin\CH582\tp78_v2\mounriver_project\KEYBOARD_CH582M\LIB\libCH58xBLE.a(tmos_snv.o)
                0x000000000000d7e4                tmos_snv_init
 .text.tmos_snv_clear
                0x000000000000d8a4       0xb2 E:\Yukin\CH582\tp78_v2\mounriver_project\KEYBOARD_CH582M\LIB\libCH58xBLE.a(tmos_snv.o)
                0x000000000000d8a4                tmos_snv_clear
 .text.tmos_snv_read
                0x000000000000d956      0x292 E:\Yukin\CH582\tp78_v2\mounriver_project\KEYBOARD_CH582M\LIB\libCH58xBLE.a(tmos_snv.o)
                0x000000000000d956                tmos_snv_read
 .text.tmos_snv_notify
                0x000000000000dbe8       0x5a E:\Yukin\CH582\tp78_v2\mounriver_project\KEYBOARD_CH582M\LIB\libCH58xBLE.a(tmos_snv.o)
                0x000000000000dbe8                tmos_snv_notify
 .text.tmos_snv_write
                0x000000000000dc42      0x2ce E:\Yukin\CH582\tp78_v2\mounriver_project\KEYBOARD_CH582M\LIB\libCH58xBLE.a(tmos_snv.o)
                0x000000000000dc42                tmos_snv_write
 .text.tmos_snv_compact
                0x000000000000df10        0x4 E:\Yukin\CH582\tp78_v2\mounriver_project\KEYBOARD_CH582M\LIB\libCH58xBLE.a(tmos_snv.o)
                0x000000000000df10                tmos_snv_compact
 .text.disconnectNext
                0x000000000000df14       0x22 E:\Yukin\CH582\tp78_v2\mounriver_project\KEYBOARD_CH582M\LIB\libCH58xBLE.a(gap.o)
 .text.GAP_ParamInit
                0x000000000000df36      0x160 E:\Yukin\CH582\tp78_v2\mounriver_project\KEYBOARD_CH582M\LIB\libCH58xBLE.a(gap.o)
                0x000000000000df36                GAP_ParamInit
 .text.sendTerminateEvent
                0x000000000000e096       0x58 E:\Yukin\CH582\tp78_v2\mounriver_project\KEYBOARD_CH582M\LIB\libCH58xBLE.a(gap.o)
                0x000000000000e096                sendTerminateEvent
 .text.gapRegisterCentral
                0x000000000000e0ee        0x6 E:\Yukin\CH582\tp78_v2\mounriver_project\KEYBOARD_CH582M\LIB\libCH58xBLE.a(gap.o)
                0x000000000000e0ee                gapRegisterCentral
 .text.gapRegisterCentralConn
                0x000000000000e0f4        0x6 E:\Yukin\CH582\tp78_v2\mounriver_project\KEYBOARD_CH582M\LIB\libCH58xBLE.a(gap.o)
                0x000000000000e0f4                gapRegisterCentralConn
 .text.gapRegisterPeripheral
                0x000000000000e0fa        0x6 E:\Yukin\CH582\tp78_v2\mounriver_project\KEYBOARD_CH582M\LIB\libCH58xBLE.a(gap.o)
                0x000000000000e0fa                gapRegisterPeripheral
 .text.gapRegisterPeripheralConn
                0x000000000000e100        0x6 E:\Yukin\CH582\tp78_v2\mounriver_project\KEYBOARD_CH582M\LIB\libCH58xBLE.a(gap.o)
                0x000000000000e100                gapRegisterPeripheralConn
 .text.smGenerateRandBuf
                0x000000000000e106       0x56 E:\Yukin\CH582\tp78_v2\mounriver_project\KEYBOARD_CH582M\LIB\libCH58xBLE.a(gap.o)
                0x000000000000e106                smGenerateRandBuf
 .text.gapL2capConnParamUpdateReq
                0x000000000000e15c       0x36 E:\Yukin\CH582\tp78_v2\mounriver_project\KEYBOARD_CH582M\LIB\libCH58xBLE.a(gap.o)
                0x000000000000e15c                gapL2capConnParamUpdateReq
 .text.gapValidADType
                0x000000000000e192       0x16 E:\Yukin\CH582\tp78_v2\mounriver_project\KEYBOARD_CH582M\LIB\libCH58xBLE.a(gap.o)
                0x000000000000e192                gapValidADType
 .text.gapFindADType
                0x000000000000e1a8       0x94 E:\Yukin\CH582\tp78_v2\mounriver_project\KEYBOARD_CH582M\LIB\libCH58xBLE.a(gap.o)
                0x000000000000e1a8                gapFindADType
 .text.GAP_SecParamsInit
                0x000000000000e23c       0xae E:\Yukin\CH582\tp78_v2\mounriver_project\KEYBOARD_CH582M\LIB\libCH58xBLE.a(gap.o)
                0x000000000000e23c                GAP_SecParamsInit
 .text.GAP_ParamsInit
                0x000000000000e2ea       0x50 E:\Yukin\CH582\tp78_v2\mounriver_project\KEYBOARD_CH582M\LIB\libCH58xBLE.a(gap.o)
                0x000000000000e2ea                GAP_ParamsInit
 .text.gapAddAddrAdj
                0x000000000000e33a       0x48 E:\Yukin\CH582\tp78_v2\mounriver_project\KEYBOARD_CH582M\LIB\libCH58xBLE.a(gap.o)
                0x000000000000e33a                gapAddAddrAdj
 .text.gapDetermineAddrType
                0x000000000000e382       0x28 E:\Yukin\CH582\tp78_v2\mounriver_project\KEYBOARD_CH582M\LIB\libCH58xBLE.a(gap.o)
                0x000000000000e382                gapDetermineAddrType
 .text.gapFreeAuthLink
                0x000000000000e3aa       0x4a E:\Yukin\CH582\tp78_v2\mounriver_project\KEYBOARD_CH582M\LIB\libCH58xBLE.a(gap.o)
                0x000000000000e3aa                gapFreeAuthLink
 .text.gapGetDevAddress
                0x000000000000e3f4       0x24 E:\Yukin\CH582\tp78_v2\mounriver_project\KEYBOARD_CH582M\LIB\libCH58xBLE.a(gap.o)
                0x000000000000e3f4                gapGetDevAddress
 .text.gapGetDevAddressMode
                0x000000000000e418        0xa E:\Yukin\CH582\tp78_v2\mounriver_project\KEYBOARD_CH582M\LIB\libCH58xBLE.a(gap.o)
                0x000000000000e418                gapGetDevAddressMode
 .text.gapGetIRK
                0x000000000000e422        0xc E:\Yukin\CH582\tp78_v2\mounriver_project\KEYBOARD_CH582M\LIB\libCH58xBLE.a(gap.o)
                0x000000000000e422                gapGetIRK
 .text.gapGetSRK
                0x000000000000e42e        0xc E:\Yukin\CH582\tp78_v2\mounriver_project\KEYBOARD_CH582M\LIB\libCH58xBLE.a(gap.o)
                0x000000000000e42e                gapGetSRK
 .text.gapGetSignCounter
                0x000000000000e43a        0xe E:\Yukin\CH582\tp78_v2\mounriver_project\KEYBOARD_CH582M\LIB\libCH58xBLE.a(gap.o)
                0x000000000000e43a                gapGetSignCounter
 .text.gapIncSignCounter
                0x000000000000e448       0x28 E:\Yukin\CH582\tp78_v2\mounriver_project\KEYBOARD_CH582M\LIB\libCH58xBLE.a(gap.o)
                0x000000000000e448                gapIncSignCounter
 .text.gapProcessConnEvt
                0x000000000000e470       0x48 E:\Yukin\CH582\tp78_v2\mounriver_project\KEYBOARD_CH582M\LIB\libCH58xBLE.a(gap.o)
                0x000000000000e470                gapProcessConnEvt
 .text.gapProcessDisconnectCompleteEvt
                0x000000000000e4b8       0xaa E:\Yukin\CH582\tp78_v2\mounriver_project\KEYBOARD_CH582M\LIB\libCH58xBLE.a(gap.o)
                0x000000000000e4b8                gapProcessDisconnectCompleteEvt
 .text.sendAuthEvent
                0x000000000000e562      0x120 E:\Yukin\CH582\tp78_v2\mounriver_project\KEYBOARD_CH582M\LIB\libCH58xBLE.a(gap.o)
                0x000000000000e562                sendAuthEvent
 .text.gapSendBondCompleteEvent
                0x000000000000e682       0x74 E:\Yukin\CH582\tp78_v2\mounriver_project\KEYBOARD_CH582M\LIB\libCH58xBLE.a(gap.o)
                0x000000000000e682                gapSendBondCompleteEvent
 .text.gapSendPairingReqEvent
                0x000000000000e6f6       0x96 E:\Yukin\CH582\tp78_v2\mounriver_project\KEYBOARD_CH582M\LIB\libCH58xBLE.a(gap.o)
                0x000000000000e6f6                gapSendPairingReqEvent
 .text.gapSendSlaveSecurityReqEvent
                0x000000000000e78c       0x68 E:\Yukin\CH582\tp78_v2\mounriver_project\KEYBOARD_CH582M\LIB\libCH58xBLE.a(gap.o)
                0x000000000000e78c                gapSendSlaveSecurityReqEvent
 .text.gapSendDeviceInitDoneEvent
                0x000000000000e7f4       0x88 E:\Yukin\CH582\tp78_v2\mounriver_project\KEYBOARD_CH582M\LIB\libCH58xBLE.a(gap.o)
                0x000000000000e7f4                gapSendDeviceInitDoneEvent
 .text.gapSendLinkUpdateEvent
                0x000000000000e87c       0xb2 E:\Yukin\CH582\tp78_v2\mounriver_project\KEYBOARD_CH582M\LIB\libCH58xBLE.a(gap.o)
                0x000000000000e87c                gapSendLinkUpdateEvent
 .text.gapSendPhyUpdateEvent
                0x000000000000e92e       0x58 E:\Yukin\CH582\tp78_v2\mounriver_project\KEYBOARD_CH582M\LIB\libCH58xBLE.a(gap.o)
                0x000000000000e92e                gapSendPhyUpdateEvent
 .text.gapSendEstLinkEvent
                0x000000000000e986       0xbc E:\Yukin\CH582\tp78_v2\mounriver_project\KEYBOARD_CH582M\LIB\libCH58xBLE.a(gap.o)
                0x000000000000e986                gapSendEstLinkEvent
 .text.gapProcessNewAddr
                0x000000000000ea42       0x3e E:\Yukin\CH582\tp78_v2\mounriver_project\KEYBOARD_CH582M\LIB\libCH58xBLE.a(gap.o)
                0x000000000000ea42                gapProcessNewAddr
 .text.gapProcessRandomAddrComplete
                0x000000000000ea80       0xb6 E:\Yukin\CH582\tp78_v2\mounriver_project\KEYBOARD_CH582M\LIB\libCH58xBLE.a(gap.o)
                0x000000000000ea80                gapProcessRandomAddrComplete
 .text.GAP_Authenticate
                0x000000000000eb36       0xde E:\Yukin\CH582\tp78_v2\mounriver_project\KEYBOARD_CH582M\LIB\libCH58xBLE.a(gap.o)
                0x000000000000eb36                GAP_Authenticate
 .text.GAP_Bond
                0x000000000000ec14       0xaa E:\Yukin\CH582\tp78_v2\mounriver_project\KEYBOARD_CH582M\LIB\libCH58xBLE.a(gap.o)
                0x000000000000ec14                GAP_Bond
 .text.GAP_GetParamValue
                0x000000000000ecbe       0x20 E:\Yukin\CH582\tp78_v2\mounriver_project\KEYBOARD_CH582M\LIB\libCH58xBLE.a(gap.o)
                0x000000000000ecbe                GAP_GetParamValue
 .text.GAP_PasscodeUpdate
                0x000000000000ecde       0x54 E:\Yukin\CH582\tp78_v2\mounriver_project\KEYBOARD_CH582M\LIB\libCH58xBLE.a(gap.o)
                0x000000000000ecde                GAP_PasscodeUpdate
 .text.GAP_RegisterForMsgs
                0x000000000000ed32        0xa E:\Yukin\CH582\tp78_v2\mounriver_project\KEYBOARD_CH582M\LIB\libCH58xBLE.a(gap.o)
                0x000000000000ed32                GAP_RegisterForMsgs
 .text.GAP_ResolvePrivateAddr
                0x000000000000ed3c        0x4 E:\Yukin\CH582\tp78_v2\mounriver_project\KEYBOARD_CH582M\LIB\libCH58xBLE.a(gap.o)
                0x000000000000ed3c                GAP_ResolvePrivateAddr
 .text.gapPairingCompleteCB
                0x000000000000ed40      0x18c E:\Yukin\CH582\tp78_v2\mounriver_project\KEYBOARD_CH582M\LIB\libCH58xBLE.a(gap.o)
                0x000000000000ed40                gapPairingCompleteCB
 .text.gapPasskeyNeededCB
                0x000000000000eecc       0x8e E:\Yukin\CH582\tp78_v2\mounriver_project\KEYBOARD_CH582M\LIB\libCH58xBLE.a(gap.o)
                0x000000000000eecc                gapPasskeyNeededCB
 .text.gapOobNeededCB
                0x000000000000ef5a       0xa6 E:\Yukin\CH582\tp78_v2\mounriver_project\KEYBOARD_CH582M\LIB\libCH58xBLE.a(gap.o)
                0x000000000000ef5a                gapOobNeededCB
 .text.gapFreeEstLink
                0x000000000000f000       0x20 E:\Yukin\CH582\tp78_v2\mounriver_project\KEYBOARD_CH582M\LIB\libCH58xBLE.a(gap.o)
                0x000000000000f000                gapFreeEstLink
 .text.gapUpdateConnSignCounter
                0x000000000000f020       0x7a E:\Yukin\CH582\tp78_v2\mounriver_project\KEYBOARD_CH582M\LIB\libCH58xBLE.a(gap.o)
                0x000000000000f020                gapUpdateConnSignCounter
 .text.GAP_SendSlaveSecurityRequest
                0x000000000000f09a       0x4a E:\Yukin\CH582\tp78_v2\mounriver_project\KEYBOARD_CH582M\LIB\libCH58xBLE.a(gap.o)
                0x000000000000f09a                GAP_SendSlaveSecurityRequest
 .text.GAP_Signable
                0x000000000000f0e4       0x6a E:\Yukin\CH582\tp78_v2\mounriver_project\KEYBOARD_CH582M\LIB\libCH58xBLE.a(gap.o)
                0x000000000000f0e4                GAP_Signable
 .text.GAP_TerminateAuth
                0x000000000000f14e       0x2a E:\Yukin\CH582\tp78_v2\mounriver_project\KEYBOARD_CH582M\LIB\libCH58xBLE.a(gap.o)
                0x000000000000f14e                GAP_TerminateAuth
 .text.GAP_NumActiveConnections
                0x000000000000f178        0x4 E:\Yukin\CH582\tp78_v2\mounriver_project\KEYBOARD_CH582M\LIB\libCH58xBLE.a(gap.o)
                0x000000000000f178                GAP_NumActiveConnections
 .text.GAP_TerminateLinkReq
                0x000000000000f17c       0x8e E:\Yukin\CH582\tp78_v2\mounriver_project\KEYBOARD_CH582M\LIB\libCH58xBLE.a(gap.o)
                0x000000000000f17c                GAP_TerminateLinkReq
 .text.GAP_SetParamValue
                0x000000000000f20a       0x6c E:\Yukin\CH582\tp78_v2\mounriver_project\KEYBOARD_CH582M\LIB\libCH58xBLE.a(gap.o)
                0x000000000000f20a                GAP_SetParamValue
 .text.GAP_Init
                0x000000000000f276       0x48 E:\Yukin\CH582\tp78_v2\mounriver_project\KEYBOARD_CH582M\LIB\libCH58xBLE.a(gap.o)
                0x000000000000f276                GAP_Init
 .text.GAP_ProcessEvent
                0x000000000000f2be      0x664 E:\Yukin\CH582\tp78_v2\mounriver_project\KEYBOARD_CH582M\LIB\libCH58xBLE.a(gap.o)
                0x000000000000f2be                GAP_ProcessEvent
 .text.gapSendScanEnable
                0x000000000000f922       0x3a E:\Yukin\CH582\tp78_v2\mounriver_project\KEYBOARD_CH582M\LIB\libCH58xBLE.a(gap_central.o)
 .text.gapCentProcessConnEvt
                0x000000000000f95c      0x168 E:\Yukin\CH582\tp78_v2\mounriver_project\KEYBOARD_CH582M\LIB\libCH58xBLE.a(gap_central.o)
                0x000000000000f95c                gapCentProcessConnEvt
 .text.gapProcessScanningPeriodicAdvEvt
                0x000000000000fac4       0xa0 E:\Yukin\CH582\tp78_v2\mounriver_project\KEYBOARD_CH582M\LIB\libCH58xBLE.a(gap_central.o)
                0x000000000000fac4                gapProcessScanningPeriodicAdvEvt
 .text.gapCancelLinkReq
                0x000000000000fb64       0x38 E:\Yukin\CH582\tp78_v2\mounriver_project\KEYBOARD_CH582M\LIB\libCH58xBLE.a(gap_central.o)
                0x000000000000fb64                gapCancelLinkReq
 .text.gapProcessAdvertDevInfo
                0x000000000000fb9c      0x242 E:\Yukin\CH582\tp78_v2\mounriver_project\KEYBOARD_CH582M\LIB\libCH58xBLE.a(gap_central.o)
                0x000000000000fb9c                gapProcessAdvertDevInfo
 .text.gapProcessExtAdvertDevInfo
                0x000000000000fdde      0x260 E:\Yukin\CH582\tp78_v2\mounriver_project\KEYBOARD_CH582M\LIB\libCH58xBLE.a(gap_central.o)
                0x000000000000fdde                gapProcessExtAdvertDevInfo
 .text.gapProcessPeriodicAdvertisingSyncEstablishedEvt
                0x000000000001003e       0xae E:\Yukin\CH582\tp78_v2\mounriver_project\KEYBOARD_CH582M\LIB\libCH58xBLE.a(gap_central.o)
                0x000000000001003e                gapProcessPeriodicAdvertisingSyncEstablishedEvt
 .text.gapProcessPeriodicAdvertisingSyncLostEvt
                0x00000000000100ec       0x56 E:\Yukin\CH582\tp78_v2\mounriver_project\KEYBOARD_CH582M\LIB\libCH58xBLE.a(gap_central.o)
                0x00000000000100ec                gapProcessPeriodicAdvertisingSyncLostEvt
 .text.gapFreeScanRecs
                0x0000000000010142       0xa6 E:\Yukin\CH582\tp78_v2\mounriver_project\KEYBOARD_CH582M\LIB\libCH58xBLE.a(gap_central.o)
                0x0000000000010142                gapFreeScanRecs
 .text.gapSendDevDiscEvent
                0x00000000000101e8      0x126 E:\Yukin\CH582\tp78_v2\mounriver_project\KEYBOARD_CH582M\LIB\libCH58xBLE.a(gap_central.o)
                0x00000000000101e8                gapSendDevDiscEvent
 .text.gapSetScanParamStatus
                0x000000000001030e       0x58 E:\Yukin\CH582\tp78_v2\mounriver_project\KEYBOARD_CH582M\LIB\libCH58xBLE.a(gap_central.o)
 .text.gapCentProcessHCICmdEvt
                0x0000000000010366       0x3e E:\Yukin\CH582\tp78_v2\mounriver_project\KEYBOARD_CH582M\LIB\libCH58xBLE.a(gap_central.o)
                0x0000000000010366                gapCentProcessHCICmdEvt
 .text.gapProcessScanningEvt
                0x00000000000103a4      0x110 E:\Yukin\CH582\tp78_v2\mounriver_project\KEYBOARD_CH582M\LIB\libCH58xBLE.a(gap_central.o)
                0x00000000000103a4                gapProcessScanningEvt
 .text.gapProcessScanningDirectEvt
                0x00000000000104b4       0xfe E:\Yukin\CH582\tp78_v2\mounriver_project\KEYBOARD_CH582M\LIB\libCH58xBLE.a(gap_central.o)
                0x00000000000104b4                gapProcessScanningDirectEvt
 .text.gapProcessScanningExtAdvEvt
                0x00000000000105b2      0x26a E:\Yukin\CH582\tp78_v2\mounriver_project\KEYBOARD_CH582M\LIB\libCH58xBLE.a(gap_central.o)
                0x00000000000105b2                gapProcessScanningExtAdvEvt
 .text.GAP_CentConnRegister
                0x000000000001081c       0x1a E:\Yukin\CH582\tp78_v2\mounriver_project\KEYBOARD_CH582M\LIB\libCH58xBLE.a(gap_central.o)
                0x000000000001081c                GAP_CentConnRegister
 .text.GAP_CentralParamInit
                0x0000000000010836       0x6e E:\Yukin\CH582\tp78_v2\mounriver_project\KEYBOARD_CH582M\LIB\libCH58xBLE.a(gap_central.o)
                0x0000000000010836                GAP_CentralParamInit
 .text.GAP_CentDevMgrInit
                0x00000000000108a4       0x9c E:\Yukin\CH582\tp78_v2\mounriver_project\KEYBOARD_CH582M\LIB\libCH58xBLE.a(gap_central.o)
                0x00000000000108a4                GAP_CentDevMgrInit
 .text.gapFreeAdvertState
                0x0000000000010940       0x20 E:\Yukin\CH582\tp78_v2\mounriver_project\KEYBOARD_CH582M\LIB\libCH58xBLE.a(gap_peripheral.o)
 .text.gapSetPeriodicAdvParams
                0x0000000000010960       0x30 E:\Yukin\CH582\tp78_v2\mounriver_project\KEYBOARD_CH582M\LIB\libCH58xBLE.a(gap_peripheral.o)
 .text.gapSetConnectionlessCTEParams
                0x0000000000010990       0x54 E:\Yukin\CH582\tp78_v2\mounriver_project\KEYBOARD_CH582M\LIB\libCH58xBLE.a(gap_peripheral.o)
 .text.gapSetAdvParams
                0x00000000000109e4       0xfc E:\Yukin\CH582\tp78_v2\mounriver_project\KEYBOARD_CH582M\LIB\libCH58xBLE.a(gap_peripheral.o)
 .text.gapPeriProcessConnEvt
                0x0000000000010ae0       0xd0 E:\Yukin\CH582\tp78_v2\mounriver_project\KEYBOARD_CH582M\LIB\libCH58xBLE.a(gap_peripheral.o)
 .text.gapWriteAdvDataStatus
                0x0000000000010bb0       0x88 E:\Yukin\CH582\tp78_v2\mounriver_project\KEYBOARD_CH582M\LIB\libCH58xBLE.a(gap_peripheral.o)
 .text.GAP_MakeDiscoverable
                0x0000000000010c38      0x174 E:\Yukin\CH582\tp78_v2\mounriver_project\KEYBOARD_CH582M\LIB\libCH58xBLE.a(gap_peripheral.o)
                0x0000000000010c38                GAP_MakeDiscoverable
 .text.GAP_EndDiscoverable
                0x0000000000010dac       0x66 E:\Yukin\CH582\tp78_v2\mounriver_project\KEYBOARD_CH582M\LIB\libCH58xBLE.a(gap_peripheral.o)
                0x0000000000010dac                GAP_EndDiscoverable
 .text.gapProcessAdvertisingEvt
                0x0000000000010e12      0x118 E:\Yukin\CH582\tp78_v2\mounriver_project\KEYBOARD_CH582M\LIB\libCH58xBLE.a(gap_peripheral.o)
 .text.GAP_MakePeriodic
                0x0000000000010f2a       0x26 E:\Yukin\CH582\tp78_v2\mounriver_project\KEYBOARD_CH582M\LIB\libCH58xBLE.a(gap_peripheral.o)
                0x0000000000010f2a                GAP_MakePeriodic
 .text.GAP_EndPeriodic
                0x0000000000010f50        0xc E:\Yukin\CH582\tp78_v2\mounriver_project\KEYBOARD_CH582M\LIB\libCH58xBLE.a(gap_peripheral.o)
                0x0000000000010f50                GAP_EndPeriodic
 .text.GAP_MakeConnecttionlessCTE
                0x0000000000010f5c       0x1a E:\Yukin\CH582\tp78_v2\mounriver_project\KEYBOARD_CH582M\LIB\libCH58xBLE.a(gap_peripheral.o)
                0x0000000000010f5c                GAP_MakeConnecttionlessCTE
 .text.GAP_EndConnecttionlessCTE
                0x0000000000010f76        0xc E:\Yukin\CH582\tp78_v2\mounriver_project\KEYBOARD_CH582M\LIB\libCH58xBLE.a(gap_peripheral.o)
                0x0000000000010f76                GAP_EndConnecttionlessCTE
 .text.GAP_SetAdvertisingAdvData
                0x0000000000010f82      0x102 E:\Yukin\CH582\tp78_v2\mounriver_project\KEYBOARD_CH582M\LIB\libCH58xBLE.a(gap_peripheral.o)
                0x0000000000010f82                GAP_SetAdvertisingAdvData
 .text.GAP_SetAdvertisingRspData
                0x0000000000011084      0x102 E:\Yukin\CH582\tp78_v2\mounriver_project\KEYBOARD_CH582M\LIB\libCH58xBLE.a(gap_peripheral.o)
                0x0000000000011084                GAP_SetAdvertisingRspData
 .text.GAP_SetPeriodicAdvertisingData
                0x0000000000011186       0xc6 E:\Yukin\CH582\tp78_v2\mounriver_project\KEYBOARD_CH582M\LIB\libCH58xBLE.a(gap_peripheral.o)
                0x0000000000011186                GAP_SetPeriodicAdvertisingData
 .text.GAP_GetAdvertisingAdvData
                0x000000000001124c       0x26 E:\Yukin\CH582\tp78_v2\mounriver_project\KEYBOARD_CH582M\LIB\libCH58xBLE.a(gap_peripheral.o)
                0x000000000001124c                GAP_GetAdvertisingAdvData
 .text.GAP_GetAdvertisingRspData
                0x0000000000011272       0x34 E:\Yukin\CH582\tp78_v2\mounriver_project\KEYBOARD_CH582M\LIB\libCH58xBLE.a(gap_peripheral.o)
                0x0000000000011272                GAP_GetAdvertisingRspData
 .text.GAP_GetPeriodicAdvertisingData
                0x00000000000112a6       0x34 E:\Yukin\CH582\tp78_v2\mounriver_project\KEYBOARD_CH582M\LIB\libCH58xBLE.a(gap_peripheral.o)
                0x00000000000112a6                GAP_GetPeriodicAdvertisingData
 .text.GAP_PeriConnRegister
                0x00000000000112da       0x2e E:\Yukin\CH582\tp78_v2\mounriver_project\KEYBOARD_CH582M\LIB\libCH58xBLE.a(gap_peripheral.o)
                0x00000000000112da                GAP_PeriConnRegister
 .text.GAP_PeripheralParamInit
                0x0000000000011308       0x6c E:\Yukin\CH582\tp78_v2\mounriver_project\KEYBOARD_CH582M\LIB\libCH58xBLE.a(gap_peripheral.o)
                0x0000000000011308                GAP_PeripheralParamInit
 .text.gapSendMakeDiscEvent
                0x0000000000011374       0x50 E:\Yukin\CH582\tp78_v2\mounriver_project\KEYBOARD_CH582M\LIB\libCH58xBLE.a(gap_peripheral.o)
                0x0000000000011374                gapSendMakeDiscEvent
 .text.gapWriteAdvEnableStatus
                0x00000000000113c4      0x110 E:\Yukin\CH582\tp78_v2\mounriver_project\KEYBOARD_CH582M\LIB\libCH58xBLE.a(gap_peripheral.o)
 .text.gapSendMakePeriodicEvent
                0x00000000000114d4       0x3a E:\Yukin\CH582\tp78_v2\mounriver_project\KEYBOARD_CH582M\LIB\libCH58xBLE.a(gap_peripheral.o)
                0x00000000000114d4                gapSendMakePeriodicEvent
 .text.gapSendMakeConnectionlessCTEEvent
                0x000000000001150e       0x3a E:\Yukin\CH582\tp78_v2\mounriver_project\KEYBOARD_CH582M\LIB\libCH58xBLE.a(gap_peripheral.o)
                0x000000000001150e                gapSendMakeConnectionlessCTEEvent
 .text.gapPeriProcessHCICmdCompleteEvt
                0x0000000000011548      0x1e4 E:\Yukin\CH582\tp78_v2\mounriver_project\KEYBOARD_CH582M\LIB\libCH58xBLE.a(gap_peripheral.o)
 .text.GAP_PeriDevMgrInit
                0x000000000001172c       0x2e E:\Yukin\CH582\tp78_v2\mounriver_project\KEYBOARD_CH582M\LIB\libCH58xBLE.a(gap_peripheral.o)
                0x000000000001172c                GAP_PeriDevMgrInit
 .text.ggs_SetAttrWPermit
                0x000000000001175a       0x68 E:\Yukin\CH582\tp78_v2\mounriver_project\KEYBOARD_CH582M\LIB\libCH58xBLE.a(gapgattserver.o)
 .text.ggs_ReadAttrCB
                0x00000000000117c2      0x156 E:\Yukin\CH582\tp78_v2\mounriver_project\KEYBOARD_CH582M\LIB\libCH58xBLE.a(gapgattserver.o)
 .text.ggs_WriteAttrCB
                0x0000000000011918      0x15c E:\Yukin\CH582\tp78_v2\mounriver_project\KEYBOARD_CH582M\LIB\libCH58xBLE.a(gapgattserver.o)
 .text.GGS_ParamInit
                0x0000000000011a74      0x23a E:\Yukin\CH582\tp78_v2\mounriver_project\KEYBOARD_CH582M\LIB\libCH58xBLE.a(gapgattserver.o)
                0x0000000000011a74                GGS_ParamInit
 .text.GGS_SetParameter
                0x0000000000011cae       0xe2 E:\Yukin\CH582\tp78_v2\mounriver_project\KEYBOARD_CH582M\LIB\libCH58xBLE.a(gapgattserver.o)
                0x0000000000011cae                GGS_SetParameter
 .text.GGS_AddService
                0x0000000000011d90       0x2c E:\Yukin\CH582\tp78_v2\mounriver_project\KEYBOARD_CH582M\LIB\libCH58xBLE.a(gapgattserver.o)
                0x0000000000011d90                GGS_AddService
 .text.GAP_DeviceInit
                0x0000000000011dbc       0xd8 E:\Yukin\CH582\tp78_v2\mounriver_project\KEYBOARD_CH582M\LIB\libCH58xBLE.a(gapgattserver.o)
                0x0000000000011dbc                GAP_DeviceInit
 .text.gattGetPayload
                0x0000000000011e94       0x7e E:\Yukin\CH582\tp78_v2\mounriver_project\KEYBOARD_CH582M\LIB\libCH58xBLE.a(gatt.o)
                0x0000000000011e94                gattGetPayload
 .text.gattNotifyEvent
                0x0000000000011f12       0x84 E:\Yukin\CH582\tp78_v2\mounriver_project\KEYBOARD_CH582M\LIB\libCH58xBLE.a(gatt.o)
                0x0000000000011f12                gattNotifyEvent
 .text.gattSendFlowCtrlEvt
                0x0000000000011f96       0x52 E:\Yukin\CH582\tp78_v2\mounriver_project\KEYBOARD_CH582M\LIB\libCH58xBLE.a(gatt.o)
                0x0000000000011f96                gattSendFlowCtrlEvt
 .text.gattStartTimer
                0x0000000000011fe8        0xc E:\Yukin\CH582\tp78_v2\mounriver_project\KEYBOARD_CH582M\LIB\libCH58xBLE.a(gatt.o)
                0x0000000000011fe8                gattStartTimer
 .text.gattStopTimer
                0x0000000000011ff4       0x32 E:\Yukin\CH582\tp78_v2\mounriver_project\KEYBOARD_CH582M\LIB\libCH58xBLE.a(gatt.o)
                0x0000000000011ff4                gattStopTimer
 .text.GATT_AppCompletedMsg
                0x0000000000012026       0x30 E:\Yukin\CH582\tp78_v2\mounriver_project\KEYBOARD_CH582M\LIB\libCH58xBLE.a(gatt.o)
                0x0000000000012026                GATT_AppCompletedMsg
 .text.GATT_NotifyEvent
                0x0000000000012056       0x56 E:\Yukin\CH582\tp78_v2\mounriver_project\KEYBOARD_CH582M\LIB\libCH58xBLE.a(gatt.o)
                0x0000000000012056                GATT_NotifyEvent
 .text.gattRegisterServer
                0x00000000000120ac        0x6 E:\Yukin\CH582\tp78_v2\mounriver_project\KEYBOARD_CH582M\LIB\libCH58xBLE.a(gatt.o)
                0x00000000000120ac                gattRegisterServer
 .text.GATT_UpdateMTU
                0x00000000000120b2       0x5a E:\Yukin\CH582\tp78_v2\mounriver_project\KEYBOARD_CH582M\LIB\libCH58xBLE.a(gatt.o)
                0x00000000000120b2                GATT_UpdateMTU
 .text.GATT_bm_alloc
                0x000000000001210c       0xe8 E:\Yukin\CH582\tp78_v2\mounriver_project\KEYBOARD_CH582M\LIB\libCH58xBLE.a(gatt.o)
                0x000000000001210c                GATT_bm_alloc
 .text.GATT_ServiceChangedInd
                0x00000000000121f4       0x94 E:\Yukin\CH582\tp78_v2\mounriver_project\KEYBOARD_CH582M\LIB\libCH58xBLE.a(gatt.o)
                0x00000000000121f4                GATT_ServiceChangedInd
 .text.GATT_bm_free
                0x0000000000012288       0x1c E:\Yukin\CH582\tp78_v2\mounriver_project\KEYBOARD_CH582M\LIB\libCH58xBLE.a(gatt.o)
                0x0000000000012288                GATT_bm_free
 .text.GATT_Init
                0x00000000000122a4       0x2a E:\Yukin\CH582\tp78_v2\mounriver_project\KEYBOARD_CH582M\LIB\libCH58xBLE.a(gatt.o)
                0x00000000000122a4                GATT_Init
 .text.GATT_ProcessEvent
                0x00000000000122ce      0x13a E:\Yukin\CH582\tp78_v2\mounriver_project\KEYBOARD_CH582M\LIB\libCH58xBLE.a(gatt.o)
                0x00000000000122ce                GATT_ProcessEvent
 .text.gattProcessExchangeMTUReq
                0x0000000000012408        0x4 E:\Yukin\CH582\tp78_v2\mounriver_project\KEYBOARD_CH582M\LIB\libCH58xBLE.a(gattservapp.o)
 .text.gattServApp_FindCharCfgItem
                0x000000000001240c       0x24 E:\Yukin\CH582\tp78_v2\mounriver_project\KEYBOARD_CH582M\LIB\libCH58xBLE.a(gattservapp.o)
 .text.gattServerHandleTimerCB
                0x0000000000012430       0x3c E:\Yukin\CH582\tp78_v2\mounriver_project\KEYBOARD_CH582M\LIB\libCH58xBLE.a(gattservapp.o)
 .text.GATTServApp_InitCharCfg.part.12
                0x000000000001246c       0x20 E:\Yukin\CH582\tp78_v2\mounriver_project\KEYBOARD_CH582M\LIB\libCH58xBLE.a(gattservapp.o)
 .text.gattProcessExecuteWriteReq
                0x000000000001248c        0x4 E:\Yukin\CH582\tp78_v2\mounriver_project\KEYBOARD_CH582M\LIB\libCH58xBLE.a(gattservapp.o)
 .text.GATTServApp_ParamInit
                0x0000000000012490       0xd6 E:\Yukin\CH582\tp78_v2\mounriver_project\KEYBOARD_CH582M\LIB\libCH58xBLE.a(gattservapp.o)
                0x0000000000012490                GATTServApp_ParamInit
 .text.GATTServApp_ReadCharCfg
                0x0000000000012566       0x18 E:\Yukin\CH582\tp78_v2\mounriver_project\KEYBOARD_CH582M\LIB\libCH58xBLE.a(gattservapp.o)
                0x0000000000012566                GATTServApp_ReadCharCfg
 .text.GATTServApp_WriteCharCfg
                0x000000000001257e       0x3c E:\Yukin\CH582\tp78_v2\mounriver_project\KEYBOARD_CH582M\LIB\libCH58xBLE.a(gattservapp.o)
                0x000000000001257e                GATTServApp_WriteCharCfg
 .text.GATTServApp_ProcessCCCWriteReq
                0x00000000000125ba       0x60 E:\Yukin\CH582\tp78_v2\mounriver_project\KEYBOARD_CH582M\LIB\libCH58xBLE.a(gattservapp.o)
                0x00000000000125ba                GATTServApp_ProcessCCCWriteReq
 .text.gattServApp_WriteAttrCB
                0x000000000001261a       0x34 E:\Yukin\CH582\tp78_v2\mounriver_project\KEYBOARD_CH582M\LIB\libCH58xBLE.a(gattservapp.o)
                0x000000000001261a                gattServApp_WriteAttrCB
 .text.GATTServApp_SendCCCUpdatedEvent
                0x000000000001264e       0x5e E:\Yukin\CH582\tp78_v2\mounriver_project\KEYBOARD_CH582M\LIB\libCH58xBLE.a(gattservapp.o)
                0x000000000001264e                GATTServApp_SendCCCUpdatedEvent
 .text.GATTServApp_SendServiceChangedInd
                0x00000000000126ac       0x36 E:\Yukin\CH582\tp78_v2\mounriver_project\KEYBOARD_CH582M\LIB\libCH58xBLE.a(gattservapp.o)
                0x00000000000126ac                GATTServApp_SendServiceChangedInd
 .text.gattServApp_ClearPrepareWriteQ
                0x00000000000126e2       0x50 E:\Yukin\CH582\tp78_v2\mounriver_project\KEYBOARD_CH582M\LIB\libCH58xBLE.a(gattservapp.o)
                0x00000000000126e2                gattServApp_ClearPrepareWriteQ
 .text.gattServApp_FindPrepareWriteQ
                0x0000000000012732       0x30 E:\Yukin\CH582\tp78_v2\mounriver_project\KEYBOARD_CH582M\LIB\libCH58xBLE.a(gattservapp.o)
                0x0000000000012732                gattServApp_FindPrepareWriteQ
 .text.gattServApp_FindServiceCBs
                0x0000000000012762       0x18 E:\Yukin\CH582\tp78_v2\mounriver_project\KEYBOARD_CH582M\LIB\libCH58xBLE.a(gattservapp.o)
                0x0000000000012762                gattServApp_FindServiceCBs
 .text.gattServApp_FindAuthorizeAttrCB
                0x000000000001277a       0x16 E:\Yukin\CH582\tp78_v2\mounriver_project\KEYBOARD_CH582M\LIB\libCH58xBLE.a(gattservapp.o)
                0x000000000001277a                gattServApp_FindAuthorizeAttrCB
 .text.gattServApp_IsWriteLong
                0x0000000000012790       0xea E:\Yukin\CH582\tp78_v2\mounriver_project\KEYBOARD_CH582M\LIB\libCH58xBLE.a(gattservapp.o)
                0x0000000000012790                gattServApp_IsWriteLong
 .text.gattFindService
                0x000000000001287a       0x1c E:\Yukin\CH582\tp78_v2\mounriver_project\KEYBOARD_CH582M\LIB\libCH58xBLE.a(gattservapp.o)
                0x000000000001287a                gattFindService
 .text.GATT_ServiceNumAttrs
                0x0000000000012896       0x18 E:\Yukin\CH582\tp78_v2\mounriver_project\KEYBOARD_CH582M\LIB\libCH58xBLE.a(gattservapp.o)
                0x0000000000012896                GATT_ServiceNumAttrs
 .text.GATT_ServiceEncKeySize
                0x00000000000128ae       0x18 E:\Yukin\CH582\tp78_v2\mounriver_project\KEYBOARD_CH582M\LIB\libCH58xBLE.a(gattservapp.o)
                0x00000000000128ae                GATT_ServiceEncKeySize
 .text.GATT_VerifyWritePermissions.part.7
                0x00000000000128c6       0x2e E:\Yukin\CH582\tp78_v2\mounriver_project\KEYBOARD_CH582M\LIB\libCH58xBLE.a(gattservapp.o)
 .text.gattResetServerInfo
                0x00000000000128f4       0x1c E:\Yukin\CH582\tp78_v2\mounriver_project\KEYBOARD_CH582M\LIB\libCH58xBLE.a(gattservapp.o)
                0x00000000000128f4                gattResetServerInfo
 .text.gattFindServerInfo
                0x0000000000012910       0x2c E:\Yukin\CH582\tp78_v2\mounriver_project\KEYBOARD_CH582M\LIB\libCH58xBLE.a(gattservapp.o)
                0x0000000000012910                gattFindServerInfo
 .text.gattServerHandleConnStatusCB
                0x000000000001293c       0x98 E:\Yukin\CH582\tp78_v2\mounriver_project\KEYBOARD_CH582M\LIB\libCH58xBLE.a(gattservapp.o)
                0x000000000001293c                gattServerHandleConnStatusCB
 .text.gattServerProcessMsgCB
                0x00000000000129d4      0x1c0 E:\Yukin\CH582\tp78_v2\mounriver_project\KEYBOARD_CH582M\LIB\libCH58xBLE.a(gattservapp.o)
                0x00000000000129d4                gattServerProcessMsgCB
 .text.gattServerNotifyTxCB
                0x0000000000012b94       0x28 E:\Yukin\CH582\tp78_v2\mounriver_project\KEYBOARD_CH582M\LIB\libCH58xBLE.a(gattservapp.o)
 .text.GATT_FindHandle
                0x0000000000012bbc       0x4a E:\Yukin\CH582\tp78_v2\mounriver_project\KEYBOARD_CH582M\LIB\libCH58xBLE.a(gattservapp.o)
                0x0000000000012bbc                GATT_FindHandle
 .text.GATTServApp_WriteAttr
                0x0000000000012c06       0xa8 E:\Yukin\CH582\tp78_v2\mounriver_project\KEYBOARD_CH582M\LIB\libCH58xBLE.a(gattservapp.o)
                0x0000000000012c06                GATTServApp_WriteAttr
 .text.gattServApp_ProcessExecuteWriteReq
                0x0000000000012cae      0x100 E:\Yukin\CH582\tp78_v2\mounriver_project\KEYBOARD_CH582M\LIB\libCH58xBLE.a(gattservapp.o)
                0x0000000000012cae                gattServApp_ProcessExecuteWriteReq
 .text.GATTServApp_UpdateCharCfg
                0x0000000000012dae       0x1e E:\Yukin\CH582\tp78_v2\mounriver_project\KEYBOARD_CH582M\LIB\libCH58xBLE.a(gattservapp.o)
                0x0000000000012dae                GATTServApp_UpdateCharCfg
 .text.gattServApp_ProcessPrepareWriteReq
                0x0000000000012dcc      0x10e E:\Yukin\CH582\tp78_v2\mounriver_project\KEYBOARD_CH582M\LIB\libCH58xBLE.a(gattservapp.o)
                0x0000000000012dcc                gattServApp_ProcessPrepareWriteReq
 .text.gattServApp_ProcessWriteReq
                0x0000000000012eda       0xb0 E:\Yukin\CH582\tp78_v2\mounriver_project\KEYBOARD_CH582M\LIB\libCH58xBLE.a(gattservapp.o)
                0x0000000000012eda                gattServApp_ProcessWriteReq
 .text.GATT_Indication
                0x0000000000012f8a       0xa4 E:\Yukin\CH582\tp78_v2\mounriver_project\KEYBOARD_CH582M\LIB\libCH58xBLE.a(gattservapp.o)
                0x0000000000012f8a                GATT_Indication
 .text.GATT_FindHandleUUID
                0x000000000001302e       0x94 E:\Yukin\CH582\tp78_v2\mounriver_project\KEYBOARD_CH582M\LIB\libCH58xBLE.a(gattservapp.o)
                0x000000000001302e                GATT_FindHandleUUID
 .text.gattProcessReadByGrpTypeReq
                0x00000000000130c2       0x60 E:\Yukin\CH582\tp78_v2\mounriver_project\KEYBOARD_CH582M\LIB\libCH58xBLE.a(gattservapp.o)
 .text.gattProcessReadByTypeReq
                0x0000000000013122       0x34 E:\Yukin\CH582\tp78_v2\mounriver_project\KEYBOARD_CH582M\LIB\libCH58xBLE.a(gattservapp.o)
 .text.gattProcessFindByTypeValueReq
                0x0000000000013156       0x34 E:\Yukin\CH582\tp78_v2\mounriver_project\KEYBOARD_CH582M\LIB\libCH58xBLE.a(gattservapp.o)
 .text.gattProcessFindInfoReq
                0x000000000001318a      0x1aa E:\Yukin\CH582\tp78_v2\mounriver_project\KEYBOARD_CH582M\LIB\libCH58xBLE.a(gattservapp.o)
 .text.GATT_Notification
                0x0000000000013334       0x70 E:\Yukin\CH582\tp78_v2\mounriver_project\KEYBOARD_CH582M\LIB\libCH58xBLE.a(gattservapp.o)
                0x0000000000013334                GATT_Notification
 .text.GATT_VerifyWritePermissions
                0x00000000000133a4       0x6a E:\Yukin\CH582\tp78_v2\mounriver_project\KEYBOARD_CH582M\LIB\libCH58xBLE.a(gattservapp.o)
                0x00000000000133a4                GATT_VerifyWritePermissions
 .text.gattProcessWriteReq
                0x000000000001340e       0x36 E:\Yukin\CH582\tp78_v2\mounriver_project\KEYBOARD_CH582M\LIB\libCH58xBLE.a(gattservapp.o)
 .text.GATT_VerifyPrepareWritePermissions
                0x0000000000013444       0x56 E:\Yukin\CH582\tp78_v2\mounriver_project\KEYBOARD_CH582M\LIB\libCH58xBLE.a(gattservapp.o)
                0x0000000000013444                GATT_VerifyPrepareWritePermissions
 .text.gattProcessPrepareWriteReq
                0x000000000001349a       0x36 E:\Yukin\CH582\tp78_v2\mounriver_project\KEYBOARD_CH582M\LIB\libCH58xBLE.a(gattservapp.o)
 .text.GATT_FindNextAttr
                0x00000000000134d0       0xc2 E:\Yukin\CH582\tp78_v2\mounriver_project\KEYBOARD_CH582M\LIB\libCH58xBLE.a(gattservapp.o)
                0x00000000000134d0                GATT_FindNextAttr
 .text.GATTServApp_ReadAttr
                0x0000000000013592      0x2ea E:\Yukin\CH582\tp78_v2\mounriver_project\KEYBOARD_CH582M\LIB\libCH58xBLE.a(gattservapp.o)
                0x0000000000013592                GATTServApp_ReadAttr
 .text.gattServApp_ProcessReadMultiReq
                0x000000000001387c      0x16e E:\Yukin\CH582\tp78_v2\mounriver_project\KEYBOARD_CH582M\LIB\libCH58xBLE.a(gattservapp.o)
                0x000000000001387c                gattServApp_ProcessReadMultiReq
 .text.gattServApp_ProcessFindByTypeValueReq
                0x00000000000139ea      0x1a0 E:\Yukin\CH582\tp78_v2\mounriver_project\KEYBOARD_CH582M\LIB\libCH58xBLE.a(gattservapp.o)
                0x00000000000139ea                gattServApp_ProcessFindByTypeValueReq
 .text.GATT_VerifyReadPermissions
                0x0000000000013b8a       0x68 E:\Yukin\CH582\tp78_v2\mounriver_project\KEYBOARD_CH582M\LIB\libCH58xBLE.a(gattservapp.o)
                0x0000000000013b8a                GATT_VerifyReadPermissions
 .text.gattProcessReadMultiReq
                0x0000000000013bf2       0xae E:\Yukin\CH582\tp78_v2\mounriver_project\KEYBOARD_CH582M\LIB\libCH58xBLE.a(gattservapp.o)
 .text.gattProcessReadReq
                0x0000000000013ca0       0x30 E:\Yukin\CH582\tp78_v2\mounriver_project\KEYBOARD_CH582M\LIB\libCH58xBLE.a(gattservapp.o)
 .text.gattServApp_ProcessReadByGrpTypeReq
                0x0000000000013cd0      0x21c E:\Yukin\CH582\tp78_v2\mounriver_project\KEYBOARD_CH582M\LIB\libCH58xBLE.a(gattservapp.o)
                0x0000000000013cd0                gattServApp_ProcessReadByGrpTypeReq
 .text.gattServApp_ProcessReadByTypeReq
                0x0000000000013eec      0x1ae E:\Yukin\CH582\tp78_v2\mounriver_project\KEYBOARD_CH582M\LIB\libCH58xBLE.a(gattservapp.o)
                0x0000000000013eec                gattServApp_ProcessReadByTypeReq
 .text.GATT_RegisterService
                0x000000000001409a      0x100 E:\Yukin\CH582\tp78_v2\mounriver_project\KEYBOARD_CH582M\LIB\libCH58xBLE.a(gattservapp.o)
                0x000000000001409a                GATT_RegisterService
 .text.GATTServApp_RegisterService
                0x000000000001419a       0x7c E:\Yukin\CH582\tp78_v2\mounriver_project\KEYBOARD_CH582M\LIB\libCH58xBLE.a(gattservapp.o)
                0x000000000001419a                GATTServApp_RegisterService
 .text.GATTServApp_AddService
                0x0000000000014216       0x2c E:\Yukin\CH582\tp78_v2\mounriver_project\KEYBOARD_CH582M\LIB\libCH58xBLE.a(gattservapp.o)
                0x0000000000014216                GATTServApp_AddService
 .text.GATTServApp_RegisterForMsg
                0x0000000000014242        0x6 E:\Yukin\CH582\tp78_v2\mounriver_project\KEYBOARD_CH582M\LIB\libCH58xBLE.a(gattservapp.o)
                0x0000000000014242                GATTServApp_RegisterForMsg
 .text.GATTServApp_InitCharCfg
                0x0000000000014248       0x28 E:\Yukin\CH582\tp78_v2\mounriver_project\KEYBOARD_CH582M\LIB\libCH58xBLE.a(gattservapp.o)
                0x0000000000014248                GATTServApp_InitCharCfg
 .text.gattServApp_HandleConnStatusCB
                0x0000000000014270       0x74 E:\Yukin\CH582\tp78_v2\mounriver_project\KEYBOARD_CH582M\LIB\libCH58xBLE.a(gattservapp.o)
                0x0000000000014270                gattServApp_HandleConnStatusCB